/home/tomi/STM32CubeIDE/workspace_2.1.1/str/Drivers/BSP/STM32H5xx_Nucleo/stm32h5xx_nucleo.c:142:9:BSP_GetVersion	4	static
/home/tomi/STM32CubeIDE/workspace_2.1.1/str/Drivers/BSP/STM32H5xx_Nucleo/stm32h5xx_nucleo.c:151:16:BSP_GetBoardName	4	static
/home/tomi/STM32CubeIDE/workspace_2.1.1/str/Drivers/BSP/STM32H5xx_Nucleo/stm32h5xx_nucleo.c:160:16:BSP_GetBoardID	4	static
/home/tomi/STM32CubeIDE/workspace_2.1.1/str/Drivers/BSP/STM32H5xx_Nucleo/stm32h5xx_nucleo.c:175:9:BSP_LED_Init	48	static
/home/tomi/STM32CubeIDE/workspace_2.1.1/str/Drivers/BSP/STM32H5xx_Nucleo/stm32h5xx_nucleo.c:237:9:BSP_LED_DeInit	40	static
/home/tomi/STM32CubeIDE/workspace_2.1.1/str/Drivers/BSP/STM32H5xx_Nucleo/stm32h5xx_nucleo.c:271:9:BSP_LED_On	24	static
/home/tomi/STM32CubeIDE/workspace_2.1.1/str/Drivers/BSP/STM32H5xx_Nucleo/stm32h5xx_nucleo.c:307:9:BSP_LED_Off	24	static
/home/tomi/STM32CubeIDE/workspace_2.1.1/str/Drivers/BSP/STM32H5xx_Nucleo/stm32h5xx_nucleo.c:343:9:BSP_LED_Toggle	24	static
/home/tomi/STM32CubeIDE/workspace_2.1.1/str/Drivers/BSP/STM32H5xx_Nucleo/stm32h5xx_nucleo.c:372:9:BSP_LED_GetState	24	static
/home/tomi/STM32CubeIDE/workspace_2.1.1/str/Drivers/BSP/STM32H5xx_Nucleo/stm32h5xx_nucleo.c:403:9:BSP_PB_Init	40	static
/home/tomi/STM32CubeIDE/workspace_2.1.1/str/Drivers/BSP/STM32H5xx_Nucleo/stm32h5xx_nucleo.c:448:9:BSP_PB_DeInit	40	static
/home/tomi/STM32CubeIDE/workspace_2.1.1/str/Drivers/BSP/STM32H5xx_Nucleo/stm32h5xx_nucleo.c:466:9:BSP_PB_GetState	16	static
/home/tomi/STM32CubeIDE/workspace_2.1.1/str/Drivers/BSP/STM32H5xx_Nucleo/stm32h5xx_nucleo.c:476:6:BSP_PB_IRQHandler	16	static
/home/tomi/STM32CubeIDE/workspace_2.1.1/str/Drivers/BSP/STM32H5xx_Nucleo/stm32h5xx_nucleo.c:486:13:BSP_PB_Callback	16	static
/home/tomi/STM32CubeIDE/workspace_2.1.1/str/Drivers/BSP/STM32H5xx_Nucleo/stm32h5xx_nucleo.c:504:9:BSP_COM_Init	24	static
/home/tomi/STM32CubeIDE/workspace_2.1.1/str/Drivers/BSP/STM32H5xx_Nucleo/stm32h5xx_nucleo.c:542:9:BSP_COM_DeInit	24	static
/home/tomi/STM32CubeIDE/workspace_2.1.1/str/Drivers/BSP/STM32H5xx_Nucleo/stm32h5xx_nucleo.c:575:26:MX_USART_Init	16	static
/home/tomi/STM32CubeIDE/workspace_2.1.1/str/Drivers/BSP/STM32H5xx_Nucleo/stm32h5xx_nucleo.c:673:9:BSP_COM_SelectLogPort	16	static
/home/tomi/STM32CubeIDE/workspace_2.1.1/str/Drivers/BSP/STM32H5xx_Nucleo/stm32h5xx_nucleo.c:700:1:__io_putchar	16	static
/home/tomi/STM32CubeIDE/workspace_2.1.1/str/Drivers/BSP/STM32H5xx_Nucleo/stm32h5xx_nucleo.c:719:13:BUTTON_USER_EXTI_Callback	8	static
/home/tomi/STM32CubeIDE/workspace_2.1.1/str/Drivers/BSP/STM32H5xx_Nucleo/stm32h5xx_nucleo.c:730:13:COM1_MspInit	48	static
/home/tomi/STM32CubeIDE/workspace_2.1.1/str/Drivers/BSP/STM32H5xx_Nucleo/stm32h5xx_nucleo.c:764:13:COM1_MspDeInit	40	static
