Archive member included to satisfy reference by file (symbol)

/home/tomi/st/stm32cubeide_2.1.1/plugins/com.st.stm32cube.ide.mcu.externaltools.gnu-tools-for-stm32.14.3.rel1.linux64_1.0.100.202602081740/tools/bin/../lib/gcc/arm-none-eabi/14.3.1/thumb/v8-m.main+fp/hard/libgcc.a(_aeabi_uldivmod.o)
                              cmake/stm32cubemx/CMakeFiles/STM32_Drivers.dir/__/__/Drivers/STM32H5xx_HAL_Driver/Src/stm32h5xx_hal_uart.c.obj (__aeabi_uldivmod)
/home/tomi/st/stm32cubeide_2.1.1/plugins/com.st.stm32cube.ide.mcu.externaltools.gnu-tools-for-stm32.14.3.rel1.linux64_1.0.100.202602081740/tools/bin/../lib/gcc/arm-none-eabi/14.3.1/thumb/v8-m.main+fp/hard/libgcc.a(_udivmoddi4.o)
                              /home/tomi/st/stm32cubeide_2.1.1/plugins/com.st.stm32cube.ide.mcu.externaltools.gnu-tools-for-stm32.14.3.rel1.linux64_1.0.100.202602081740/tools/bin/../lib/gcc/arm-none-eabi/14.3.1/thumb/v8-m.main+fp/hard/libgcc.a(_aeabi_uldivmod.o) (__udivmoddi4)
/home/tomi/st/stm32cubeide_2.1.1/plugins/com.st.stm32cube.ide.mcu.externaltools.gnu-tools-for-stm32.14.3.rel1.linux64_1.0.100.202602081740/tools/bin/../lib/gcc/arm-none-eabi/14.3.1/thumb/v8-m.main+fp/hard/libgcc.a(_dvmd_tls.o)
                              /home/tomi/st/stm32cubeide_2.1.1/plugins/com.st.stm32cube.ide.mcu.externaltools.gnu-tools-for-stm32.14.3.rel1.linux64_1.0.100.202602081740/tools/bin/../lib/gcc/arm-none-eabi/14.3.1/thumb/v8-m.main+fp/hard/libgcc.a(_aeabi_uldivmod.o) (__aeabi_ldiv0)
/home/tomi/st/stm32cubeide_2.1.1/plugins/com.st.stm32cube.ide.mcu.externaltools.gnu-tools-for-stm32.14.3.rel1.linux64_1.0.100.202602081740/tools/bin/../lib/gcc/arm-none-eabi/14.3.1/../../../../arm-none-eabi/lib/thumb/v8-m.main+fp/hard/libg_nano.a(libc_a-exit.o)
                              /home/tomi/st/stm32cubeide_2.1.1/plugins/com.st.stm32cube.ide.mcu.externaltools.gnu-tools-for-stm32.14.3.rel1.linux64_1.0.100.202602081740/tools/bin/../lib/gcc/arm-none-eabi/14.3.1/../../../../arm-none-eabi/lib/thumb/v8-m.main+fp/hard/crt0.o (exit)
/home/tomi/st/stm32cubeide_2.1.1/plugins/com.st.stm32cube.ide.mcu.externaltools.gnu-tools-for-stm32.14.3.rel1.linux64_1.0.100.202602081740/tools/bin/../lib/gcc/arm-none-eabi/14.3.1/../../../../arm-none-eabi/lib/thumb/v8-m.main+fp/hard/libg_nano.a(libc_a-findfp.o)
                              /home/tomi/st/stm32cubeide_2.1.1/plugins/com.st.stm32cube.ide.mcu.externaltools.gnu-tools-for-stm32.14.3.rel1.linux64_1.0.100.202602081740/tools/bin/../lib/gcc/arm-none-eabi/14.3.1/../../../../arm-none-eabi/lib/thumb/v8-m.main+fp/hard/libg_nano.a(libc_a-exit.o) (__stdio_exit_handler)
/home/tomi/st/stm32cubeide_2.1.1/plugins/com.st.stm32cube.ide.mcu.externaltools.gnu-tools-for-stm32.14.3.rel1.linux64_1.0.100.202602081740/tools/bin/../lib/gcc/arm-none-eabi/14.3.1/../../../../arm-none-eabi/lib/thumb/v8-m.main+fp/hard/libg_nano.a(libc_a-fwalk.o)
                              /home/tomi/st/stm32cubeide_2.1.1/plugins/com.st.stm32cube.ide.mcu.externaltools.gnu-tools-for-stm32.14.3.rel1.linux64_1.0.100.202602081740/tools/bin/../lib/gcc/arm-none-eabi/14.3.1/../../../../arm-none-eabi/lib/thumb/v8-m.main+fp/hard/libg_nano.a(libc_a-findfp.o) (_fwalk_sglue)
/home/tomi/st/stm32cubeide_2.1.1/plugins/com.st.stm32cube.ide.mcu.externaltools.gnu-tools-for-stm32.14.3.rel1.linux64_1.0.100.202602081740/tools/bin/../lib/gcc/arm-none-eabi/14.3.1/../../../../arm-none-eabi/lib/thumb/v8-m.main+fp/hard/libg_nano.a(libc_a-stdio.o)
                              /home/tomi/st/stm32cubeide_2.1.1/plugins/com.st.stm32cube.ide.mcu.externaltools.gnu-tools-for-stm32.14.3.rel1.linux64_1.0.100.202602081740/tools/bin/../lib/gcc/arm-none-eabi/14.3.1/../../../../arm-none-eabi/lib/thumb/v8-m.main+fp/hard/libg_nano.a(libc_a-findfp.o) (__sread)
/home/tomi/st/stm32cubeide_2.1.1/plugins/com.st.stm32cube.ide.mcu.externaltools.gnu-tools-for-stm32.14.3.rel1.linux64_1.0.100.202602081740/tools/bin/../lib/gcc/arm-none-eabi/14.3.1/../../../../arm-none-eabi/lib/thumb/v8-m.main+fp/hard/libg_nano.a(libc_a-memset.o)
                              /home/tomi/st/stm32cubeide_2.1.1/plugins/com.st.stm32cube.ide.mcu.externaltools.gnu-tools-for-stm32.14.3.rel1.linux64_1.0.100.202602081740/tools/bin/../lib/gcc/arm-none-eabi/14.3.1/../../../../arm-none-eabi/lib/thumb/v8-m.main+fp/hard/crt0.o (memset)
/home/tomi/st/stm32cubeide_2.1.1/plugins/com.st.stm32cube.ide.mcu.externaltools.gnu-tools-for-stm32.14.3.rel1.linux64_1.0.100.202602081740/tools/bin/../lib/gcc/arm-none-eabi/14.3.1/../../../../arm-none-eabi/lib/thumb/v8-m.main+fp/hard/libg_nano.a(libc_a-closer.o)
                              /home/tomi/st/stm32cubeide_2.1.1/plugins/com.st.stm32cube.ide.mcu.externaltools.gnu-tools-for-stm32.14.3.rel1.linux64_1.0.100.202602081740/tools/bin/../lib/gcc/arm-none-eabi/14.3.1/../../../../arm-none-eabi/lib/thumb/v8-m.main+fp/hard/libg_nano.a(libc_a-stdio.o) (_close_r)
[...]
Memory Configuration

Name             Origin             Length             Attributes
RAM              0x20000000         0x00044000         xrw
FLASH            0x08000000         0x00080000         xr
*default*        0x00000000         0xffffffff

Linker script and memory map

LOAD /home/tomi/st/stm32cubeide_2.1.1/plugins/com.st.stm32cube.ide.mcu.externaltools.gnu-tools-for-stm32.14.3.rel1.linux64_1.0.100.202602081740/tools/bin/../lib/gcc/arm-none-eabi/14.3.1/thumb/v8-m.main+fp/hard/crti.o
LOAD /home/tomi/st/stm32cubeide_2.1.1/plugins/com.st.stm32cube.ide.mcu.externaltools.gnu-tools-for-stm32.14.3.rel1.linux64_1.0.100.202602081740/tools/bin/../lib/gcc/arm-none-eabi/14.3.1/thumb/v8-m.main+fp/hard/crtbegin.o
LOAD /home/tomi/st/stm32cubeide_2.1.1/plugins/com.st.stm32cube.ide.mcu.externaltools.gnu-tools-for-stm32.14.3.rel1.linux64_1.0.100.202602081740/tools/bin/../lib/gcc/arm-none-eabi/14.3.1/../../../../arm-none-eabi/lib/thumb/v8-m.main+fp/hard/crt0.o
LOAD cmake/stm32cubemx/CMakeFiles/STM32_Drivers.dir/__/__/Core/Src/system_stm32h5xx.c.obj
LOAD cmake/stm32cubemx/CMakeFiles/STM32_Drivers.dir/__/__/Drivers/STM32H5xx_HAL_Driver/Src/stm32h5xx_hal_tim.c.obj
LOAD cmake/stm32cubemx/CMakeFiles/STM32_Drivers.dir/__/__/Drivers/STM32H5xx_HAL_Driver/Src/stm32h5xx_hal_tim_ex.c.obj
LOAD cmake/stm32cubemx/CMakeFiles/STM32_Drivers.dir/__/__/Drivers/STM32H5xx_HAL_Driver/Src/stm32h5xx_hal_cortex.c.obj
LOAD cmake/stm32cubemx/CMakeFiles/STM32_Drivers.dir/__/__/Drivers/STM32H5xx_HAL_Driver/Src/stm32h5xx_hal_rcc.c.obj
LOAD cmake/stm32cubemx/CMakeFiles/STM32_Drivers.dir/__/__/Drivers/STM32H5xx_HAL_Driver/Src/stm32h5xx_hal_rcc_ex.c.obj
LOAD cmake/stm32cubemx/CMakeFiles/STM32_Drivers.dir/__/__/Drivers/STM32H5xx_HAL_Driver/Src/stm32h5xx_hal_flash.c.obj
LOAD cmake/stm32cubemx/CMakeFiles/STM32_Drivers.dir/__/__/Drivers/STM32H5xx_HAL_Driver/Src/stm32h5xx_hal_flash_ex.c.obj
LOAD cmake/stm32cubemx/CMakeFiles/STM32_Drivers.dir/__/__/Drivers/STM32H5xx_HAL_Driver/Src/stm32h5xx_hal_gpio.c.obj
LOAD cmake/stm32cubemx/CMakeFiles/STM32_Drivers.dir/__/__/Drivers/STM32H5xx_HAL_Driver/Src/stm32h5xx_hal_dma.c.obj
LOAD cmake/stm32cubemx/CMakeFiles/STM32_Drivers.dir/__/__/Drivers/STM32H5xx_HAL_Driver/Src/stm32h5xx_hal_dma_ex.c.obj
LOAD cmake/stm32cubemx/CMakeFiles/STM32_Drivers.dir/__/__/Drivers/STM32H5xx_HAL_Driver/Src/stm32h5xx_hal_pwr.c.obj
LOAD cmake/stm32cubemx/CMakeFiles/STM32_Drivers.dir/__/__/Drivers/STM32H5xx_HAL_Driver/Src/stm32h5xx_hal_pwr_ex.c.obj
LOAD cmake/stm32cubemx/CMakeFiles/STM32_Drivers.dir/__/__/Drivers/STM32H5xx_HAL_Driver/Src/stm32h5xx_hal.c.obj
LOAD cmake/stm32cubemx/CMakeFiles/STM32_Drivers.dir/__/__/Drivers/STM32H5xx_HAL_Driver/Src/stm32h5xx_hal_exti.c.obj
LOAD cmake/stm32cubemx/CMakeFiles/STM32_Drivers.dir/__/__/Drivers/STM32H5xx_HAL_Driver/Src/stm32h5xx_hal_icache.c.obj
LOAD cmake/stm32cubemx/CMakeFiles/STM32_Drivers.dir/__/__/Drivers/STM32H5xx_HAL_Driver/Src/stm32h5xx_hal_usart.c.obj
LOAD cmake/stm32cubemx/CMakeFiles/STM32_Drivers.dir/__/__/Drivers/STM32H5xx_HAL_Driver/Src/stm32h5xx_hal_usart_ex.c.obj
LOAD cmake/stm32cubemx/CMakeFiles/STM32_Drivers.dir/__/__/Drivers/STM32H5xx_HAL_Driver/Src/stm32h5xx_hal_uart_ex.c.obj
LOAD cmake/stm32cubemx/CMakeFiles/STM32_Drivers.dir/__/__/Drivers/STM32H5xx_HAL_Driver/Src/stm32h5xx_hal_uart.c.obj
LOAD cmake/stm32cubemx/CMakeFiles/STM32_Drivers.dir/__/__/Drivers/BSP/STM32H5xx_Nucleo/stm32h5xx_nucleo.c.obj
LOAD cmake/stm32cubemx/CMakeFiles/RTOS2.dir/__/__/Middlewares/Third_Party/FreeRTOS/Source/portable/MemMang/heap_1.c.obj
LOAD cmake/stm32cubemx/CMakeFiles/RTOS2.dir/__/__/Middlewares/Third_Party/FreeRTOS/Source/croutine.c.obj
LOAD cmake/stm32cubemx/CMakeFiles/RTOS2.dir/__/__/Middlewares/Third_Party/FreeRTOS/Source/event_groups.c.obj
LOAD cmake/stm32cubemx/CMakeFiles/RTOS2.dir/__/__/Middlewares/Third_Party/FreeRTOS/Source/list.c.obj
LOAD cmake/stm32cubemx/CMakeFiles/RTOS2.dir/__/__/Middlewares/Third_Party/FreeRTOS/Source/queue.c.obj
LOAD cmake/stm32cubemx/CMakeFiles/RTOS2.dir/__/__/Middlewares/Third_Party/FreeRTOS/Source/stream_buffer.c.obj
LOAD cmake/stm32cubemx/CMakeFiles/RTOS2.dir/__/__/Middlewares/Third_Party/FreeRTOS/Source/tasks.c.obj
LOAD cmake/stm32cubemx/CMakeFiles/RTOS2.dir/__/__/Middlewares/Third_Party/FreeRTOS/Source/timers.c.obj
LOAD cmake/stm32cubemx/CMakeFiles/RTOS2.dir/__/__/Middlewares/Third_Party/FreeRTOS/Source/portable/GCC/ARM_CM33_NTZ/non_secure/port.c.obj
LOAD cmake/stm32cubemx/CMakeFiles/RTOS2.dir/__/__/Middlewares/Third_Party/FreeRTOS/Source/portable/GCC/ARM_CM33_NTZ/non_secure/portasm.c.obj
LOAD cmake/stm32cubemx/CMakeFiles/RTOS2.dir/__/__/Middlewares/Third_Party/FreeRTOS/Source/CMSIS_RTOS_V2/cmsis_os2.c.obj
LOAD CMakeFiles/str.dir/Core/Src/main.c.obj
LOAD CMakeFiles/str.dir/Core/Src/gpio.c.obj
LOAD CMakeFiles/str.dir/Core/Src/app_freertos.c.obj
LOAD CMakeFiles/str.dir/Core/Src/icache.c.obj
LOAD CMakeFiles/str.dir/Core/Src/stm32h5xx_it.c.obj
LOAD CMakeFiles/str.dir/Core/Src/stm32h5xx_hal_msp.c.obj
LOAD CMakeFiles/str.dir/Core/Src/stm32h5xx_hal_timebase_tim.c.obj
LOAD CMakeFiles/str.dir/Core/Src/sysmem.c.obj
LOAD CMakeFiles/str.dir/Core/Src/syscalls.c.obj
LOAD CMakeFiles/str.dir/startup_stm32h533xx.s.obj
LOAD CMakeFiles/str.dir/App/Src/my_main.c.obj
LOAD /home/tomi/st/stm32cubeide_2.1.1/plugins/com.st.stm32cube.ide.mcu.externaltools.gnu-tools-for-stm32.14.3.rel1.linux64_1.0.100.202602081740/tools/bin/../lib/gcc/arm-none-eabi/14.3.1/../../../../arm-none-eabi/lib/thumb/v8-m.main+fp/hard/libm.a
START GROUP
LOAD /home/tomi/st/stm32cubeide_2.1.1/plugins/com.st.stm32cube.ide.mcu.externaltools.gnu-tools-for-stm32.14.3.rel1.linux64_1.0.100.202602081740/tools/bin/../lib/gcc/arm-none-eabi/14.3.1/thumb/v8-m.main+fp/hard/libgcc.a
LOAD /home/tomi/st/stm32cubeide_2.1.1/plugins/com.st.stm32cube.ide.mcu.externaltools.gnu-tools-for-stm32.14.3.rel1.linux64_1.0.100.202602081740/tools/bin/../lib/gcc/arm-none-eabi/14.3.1/../../../../arm-none-eabi/lib/thumb/v8-m.main+fp/hard/libg_nano.a
LOAD /home/tomi/st/stm32cubeide_2.1.1/plugins/com.st.stm32cube.ide.mcu.externaltools.gnu-tools-for-stm32.14.3.rel1.linux64_1.0.100.202602081740/tools/bin/../lib/gcc/arm-none-eabi/14.3.1/../../../../arm-none-eabi/lib/thumb/v8-m.main+fp/hard/libc_nano.a
END GROUP
START GROUP
LOAD /home/tomi/st/stm32cubeide_2.1.1/plugins/com.st.stm32cube.ide.mcu.externaltools.gnu-tools-for-stm32.14.3.rel1.linux64_1.0.100.202602081740/tools/bin/../lib/gcc/arm-none-eabi/14.3.1/thumb/v8-m.main+fp/hard/libgcc.a
LOAD /home/tomi/st/stm32cubeide_2.1.1/plugins/com.st.stm32cube.ide.mcu.externaltools.gnu-tools-for-stm32.14.3.rel1.linux64_1.0.100.202602081740/tools/bin/../lib/gcc/arm-none-eabi/14.3.1/../../../../arm-none-eabi/lib/thumb/v8-m.main+fp/hard/libc_nano.a
END GROUP
LOAD /home/tomi/st/stm32cubeide_2.1.1/plugins/com.st.stm32cube.ide.mcu.externaltools.gnu-tools-for-stm32.14.3.rel1.linux64_1.0.100.202602081740/tools/bin/../lib/gcc/arm-none-eabi/14.3.1/thumb/v8-m.main+fp/hard/crtend.o
LOAD /home/tomi/st/stm32cubeide_2.1.1/plugins/com.st.stm32cube.ide.mcu.externaltools.gnu-tools-for-stm32.14.3.rel1.linux64_1.0.100.202602081740/tools/bin/../lib/gcc/arm-none-eabi/14.3.1/thumb/v8-m.main+fp/hard/crtn.o
                0x20044000                        _estack = (ORIGIN (RAM) + LENGTH (RAM))
                0x20043c00                        _sstack = (_estack - _Min_Stack_Size)
                0x00000200                        _Min_Heap_Size = 0x200
                0x00000400                        _Min_Stack_Size = 0x400

.isr_vector     0x08000000      0x254
                0x08000000                        . = ALIGN (0x4)
 *(.isr_vector)
 .isr_vector    0x08000000      0x254 CMakeFiles/str.dir/startup_stm32h533xx.s.obj
                0x08000000                g_pfnVectors
                0x08000254                        . = ALIGN (0x4)

.text           0x08000254     0x76bc
                0x08000254                        . = ALIGN (0x4)
 *(.text)
 .text          0x08000254       0x40 /home/tomi/st/stm32cubeide_2.1.1/plugins/com.st.stm32cube.ide.mcu.externaltools.gnu-tools-for-stm32.14.3.rel1.linux64_1.0.100.202602081740/tools/bin/../lib/gcc/arm-none-eabi/14.3.1/thumb/v8-m.main+fp/hard/crtbegin.o
 .text          0x08000294       0x30 /home/tomi/st/stm32cubeide_2.1.1/plugins/com.st.stm32cube.ide.mcu.externaltools.gnu-tools-for-stm32.14.3.rel1.linux64_1.0.100.202602081740/tools/bin/../lib/gcc/arm-none-eabi/14.3.1/thumb/v8-m.main+fp/hard/libgcc.a(_aeabi_uldivmod.o)
                0x08000294                __aeabi_uldivmod
 .text          0x080002c4      0x34c /home/tomi/st/stm32cubeide_2.1.1/plugins/com.st.stm32cube.ide.mcu.externaltools.gnu-tools-for-stm32.14.3.rel1.linux64_1.0.100.202602081740/tools/bin/../lib/gcc/arm-none-eabi/14.3.1/thumb/v8-m.main+fp/hard/libgcc.a(_udivmoddi4.o)
                0x080002c4                __udivmoddi4
 .text          0x08000610        0x4 /home/tomi/st/stm32cubeide_2.1.1/plugins/com.st.stm32cube.ide.mcu.externaltools.gnu-tools-for-stm32.14.3.rel1.linux64_1.0.100.202602081740/tools/bin/../lib/gcc/arm-none-eabi/14.3.1/thumb/v8-m.main+fp/hard/libgcc.a(_dvmd_tls.o)
                0x08000610                __aeabi_ldiv0
                0x08000610                __aeabi_idiv0
 *(.text*)
 .text.SystemInit
                0x08000614      0x100 cmake/stm32cubemx/CMakeFiles/STM32_Drivers.dir/__/__/Core/Src/system_stm32h5xx.c.obj
                0x08000614                SystemInit
 .text.HAL_TIM_Base_Init
                0x08000714       0xae cmake/stm32cubemx/CMakeFiles/STM32_Drivers.dir/__/__/Drivers/STM32H5xx_HAL_Driver/Src/stm32h5xx_hal_tim.c.obj
                0x08000714                HAL_TIM_Base_Init
 .text.HAL_TIM_Base_MspInit
                0x080007c2       0x14 cmake/stm32cubemx/CMakeFiles/STM32_Drivers.dir/__/__/Drivers/STM32H5xx_HAL_Driver/Src/stm32h5xx_hal_tim.c.obj
                0x080007c2                HAL_TIM_Base_MspInit
 *fill*         0x080007d6        0x2 
 .text.HAL_TIM_Base_Start_IT
                0x080007d8      0x15c cmake/stm32cubemx/CMakeFiles/STM32_Drivers.dir/__/__/Drivers/STM32H5xx_HAL_Driver/Src/stm32h5xx_hal_tim.c.obj
                0x080007d8                HAL_TIM_Base_Start_IT
 .text.HAL_TIM_IRQHandler
                0x08000934      0x29e cmake/stm32cubemx/CMakeFiles/STM32_Drivers.dir/__/__/Drivers/STM32H5xx_HAL_Driver/Src/stm32h5xx_hal_tim.c.obj
                0x08000934                HAL_TIM_IRQHandler
 .text.HAL_TIM_OC_DelayElapsedCallback
                0x08000bd2       0x14 cmake/stm32cubemx/CMakeFiles/STM32_Drivers.dir/__/__/Drivers/STM32H5xx_HAL_Driver/Src/stm32h5xx_hal_tim.c.obj
                0x08000bd2                HAL_TIM_OC_DelayElapsedCallback
 .text.HAL_TIM_IC_CaptureCallback
                0x08000be6       0x14 cmake/stm32cubemx/CMakeFiles/STM32_Drivers.dir/__/__/Drivers/STM32H5xx_HAL_Driver/Src/stm32h5xx_hal_tim.c.obj
                0x08000be6                HAL_TIM_IC_CaptureCallback
 .text.HAL_TIM_PWM_PulseFinishedCallback
                0x08000bfa       0x14 cmake/stm32cubemx/CMakeFiles/STM32_Drivers.dir/__/__/Drivers/STM32H5xx_HAL_Driver/Src/stm32h5xx_hal_tim.c.obj
                0x08000bfa                HAL_TIM_PWM_PulseFinishedCallback
 .text.HAL_TIM_TriggerCallback
                0x08000c0e       0x14 cmake/stm32cubemx/CMakeFiles/STM32_Drivers.dir/__/__/Drivers/STM32H5xx_HAL_Driver/Src/stm32h5xx_hal_tim.c.obj
                0x08000c0e                HAL_TIM_TriggerCallback
 *fill*         0x08000c22        0x2 
 .text.TIM_Base_SetConfig
                0x08000c24      0x1cc cmake/stm32cubemx/CMakeFiles/STM32_Drivers.dir/__/__/Drivers/STM32H5xx_HAL_Driver/Src/stm32h5xx_hal_tim.c.obj
                0x08000c24                TIM_Base_SetConfig
 .text.HAL_TIMEx_CommutCallback
                0x08000df0       0x14 cmake/stm32cubemx/CMakeFiles/STM32_Drivers.dir/__/__/Drivers/STM32H5xx_HAL_Driver/Src/stm32h5xx_hal_tim_ex.c.obj
                0x08000df0                HAL_TIMEx_CommutCallback
 .text.HAL_TIMEx_BreakCallback
                0x08000e04       0x14 cmake/stm32cubemx/CMakeFiles/STM32_Drivers.dir/__/__/Drivers/STM32H5xx_HAL_Driver/Src/stm32h5xx_hal_tim_ex.c.obj
                0x08000e04                HAL_TIMEx_BreakCallback
 .text.HAL_TIMEx_Break2Callback
                0x08000e18       0x14 cmake/stm32cubemx/CMakeFiles/STM32_Drivers.dir/__/__/Drivers/STM32H5xx_HAL_Driver/Src/stm32h5xx_hal_tim_ex.c.obj
                0x08000e18                HAL_TIMEx_Break2Callback
 .text.HAL_TIMEx_EncoderIndexCallback
                0x08000e2c       0x14 cmake/stm32cubemx/CMakeFiles/STM32_Drivers.dir/__/__/Drivers/STM32H5xx_HAL_Driver/Src/stm32h5xx_hal_tim_ex.c.obj
                0x08000e2c                HAL_TIMEx_EncoderIndexCallback
 .text.HAL_TIMEx_DirectionChangeCallback
                0x08000e40       0x14 cmake/stm32cubemx/CMakeFiles/STM32_Drivers.dir/__/__/Drivers/STM32H5xx_HAL_Driver/Src/stm32h5xx_hal_tim_ex.c.obj
                0x08000e40                HAL_TIMEx_DirectionChangeCallback
 .text.HAL_TIMEx_IndexErrorCallback
                0x08000e54       0x14 cmake/stm32cubemx/CMakeFiles/STM32_Drivers.dir/__/__/Drivers/STM32H5xx_HAL_Driver/Src/stm32h5xx_hal_tim_ex.c.obj
                0x08000e54                HAL_TIMEx_IndexErrorCallback
 .text.HAL_TIMEx_TransitionErrorCallback
                0x08000e68       0x14 cmake/stm32cubemx/CMakeFiles/STM32_Drivers.dir/__/__/Drivers/STM32H5xx_HAL_Driver/Src/stm32h5xx_hal_tim_ex.c.obj
                0x08000e68                HAL_TIMEx_TransitionErrorCallback
 .text.__NVIC_SetPriorityGrouping
                0x08000e7c       0x48 cmake/stm32cubemx/CMakeFiles/STM32_Drivers.dir/__/__/Drivers/STM32H5xx_HAL_Driver/Src/stm32h5xx_hal_cortex.c.obj
 .text.__NVIC_GetPriorityGrouping
                0x08000ec4       0x1c cmake/stm32cubemx/CMakeFiles/STM32_Drivers.dir/__/__/Drivers/STM32H5xx_HAL_Driver/Src/stm32h5xx_hal_cortex.c.obj
 .text.__NVIC_EnableIRQ
                0x08000ee0       0x3c cmake/stm32cubemx/CMakeFiles/STM32_Drivers.dir/__/__/Drivers/STM32H5xx_HAL_Driver/Src/stm32h5xx_hal_cortex.c.obj
 .text.__NVIC_SetPriority
                0x08000f1c       0x54 cmake/stm32cubemx/CMakeFiles/STM32_Drivers.dir/__/__/Drivers/STM32H5xx_HAL_Driver/Src/stm32h5xx_hal_cortex.c.obj
 .text.NVIC_EncodePriority
                0x08000f70       0x66 cmake/stm32cubemx/CMakeFiles/STM32_Drivers.dir/__/__/Drivers/STM32H5xx_HAL_Driver/Src/stm32h5xx_hal_cortex.c.obj
 .text.HAL_NVIC_SetPriorityGrouping
                0x08000fd6       0x16 cmake/stm32cubemx/CMakeFiles/STM32_Drivers.dir/__/__/Drivers/STM32H5xx_HAL_Driver/Src/stm32h5xx_hal_cortex.c.obj
                0x08000fd6                HAL_NVIC_SetPriorityGrouping
 .text.HAL_NVIC_SetPriority
                0x08000fec       0x34 cmake/stm32cubemx/CMakeFiles/STM32_Drivers.dir/__/__/Drivers/STM32H5xx_HAL_Driver/Src/stm32h5xx_hal_cortex.c.obj
                0x08000fec                HAL_NVIC_SetPriority
 .text.HAL_NVIC_EnableIRQ
                0x08001020       0x1c cmake/stm32cubemx/CMakeFiles/STM32_Drivers.dir/__/__/Drivers/STM32H5xx_HAL_Driver/Src/stm32h5xx_hal_cortex.c.obj
                0x08001020                HAL_NVIC_EnableIRQ
 .text.HAL_SYSTICK_CLKSourceConfig
                0x0800103c       0xb0 cmake/stm32cubemx/CMakeFiles/STM32_Drivers.dir/__/__/Drivers/STM32H5xx_HAL_Driver/Src/stm32h5xx_hal_cortex.c.obj
                0x0800103c                HAL_SYSTICK_CLKSourceConfig
 .text.HAL_MPU_Enable
                0x080010ec       0x44 cmake/stm32cubemx/CMakeFiles/STM32_Drivers.dir/__/__/Drivers/STM32H5xx_HAL_Driver/Src/stm32h5xx_hal_cortex.c.obj
                0x080010ec                HAL_MPU_Enable
 .text.HAL_MPU_Disable
                0x08001130       0x40 cmake/stm32cubemx/CMakeFiles/STM32_Drivers.dir/__/__/Drivers/STM32H5xx_HAL_Driver/Src/stm32h5xx_hal_cortex.c.obj
                0x08001130                HAL_MPU_Disable
 .text.HAL_MPU_ConfigRegion
                0x08001170       0x1c cmake/stm32cubemx/CMakeFiles/STM32_Drivers.dir/__/__/Drivers/STM32H5xx_HAL_Driver/Src/stm32h5xx_hal_cortex.c.obj
                0x08001170                HAL_MPU_ConfigRegion
 .text.HAL_MPU_ConfigMemoryAttributes
                0x0800118c       0x1c cmake/stm32cubemx/CMakeFiles/STM32_Drivers.dir/__/__/Drivers/STM32H5xx_HAL_Driver/Src/stm32h5xx_hal_cortex.c.obj
                0x0800118c                HAL_MPU_ConfigMemoryAttributes
 .text.MPU_ConfigRegion
                0x080011a8       0x6e cmake/stm32cubemx/CMakeFiles/STM32_Drivers.dir/__/__/Drivers/STM32H5xx_HAL_Driver/Src/stm32h5xx_hal_cortex.c.obj
 .text.MPU_ConfigMemoryAttributes
                0x08001216       0x6c cmake/stm32cubemx/CMakeFiles/STM32_Drivers.dir/__/__/Drivers/STM32H5xx_HAL_Driver/Src/stm32h5xx_hal_cortex.c.obj
 *fill*         0x08001282        0x2 
 .text.HAL_RCC_OscConfig
                0x08001284      0x870 cmake/stm32cubemx/CMakeFiles/STM32_Drivers.dir/__/__/Drivers/STM32H5xx_HAL_Driver/Src/stm32h5xx_hal_rcc.c.obj
                0x08001284                HAL_RCC_OscConfig
 .text.HAL_RCC_ClockConfig
                0x08001af4      0x370 cmake/stm32cubemx/CMakeFiles/STM32_Drivers.dir/__/__/Drivers/STM32H5xx_HAL_Driver/Src/stm32h5xx_hal_rcc.c.obj
                0x08001af4                HAL_RCC_ClockConfig
 .text.HAL_RCC_GetSysClockFreq
                0x08001e64      0x258 cmake/stm32cubemx/CMakeFiles/STM32_Drivers.dir/__/__/Drivers/STM32H5xx_HAL_Driver/Src/stm32h5xx_hal_rcc.c.obj
                0x08001e64                HAL_RCC_GetSysClockFreq
 .text.HAL_RCC_GetHCLKFreq
                0x080020bc       0x38 cmake/stm32cubemx/CMakeFiles/STM32_Drivers.dir/__/__/Drivers/STM32H5xx_HAL_Driver/Src/stm32h5xx_hal_rcc.c.obj
                0x080020bc                HAL_RCC_GetHCLKFreq
 .text.HAL_RCC_GetPCLK1Freq
                0x080020f4       0x2c cmake/stm32cubemx/CMakeFiles/STM32_Drivers.dir/__/__/Drivers/STM32H5xx_HAL_Driver/Src/stm32h5xx_hal_rcc.c.obj
                0x080020f4                HAL_RCC_GetPCLK1Freq
 .text.HAL_RCC_GetPCLK2Freq
                0x08002120       0x2c cmake/stm32cubemx/CMakeFiles/STM32_Drivers.dir/__/__/Drivers/STM32H5xx_HAL_Driver/Src/stm32h5xx_hal_rcc.c.obj
                0x08002120                HAL_RCC_GetPCLK2Freq
 .text.HAL_RCC_GetPCLK3Freq
                0x0800214c       0x2c cmake/stm32cubemx/CMakeFiles/STM32_Drivers.dir/__/__/Drivers/STM32H5xx_HAL_Driver/Src/stm32h5xx_hal_rcc.c.obj
                0x0800214c                HAL_RCC_GetPCLK3Freq
 .text.HAL_RCC_GetClockConfig
                0x08002178       0x70 cmake/stm32cubemx/CMakeFiles/STM32_Drivers.dir/__/__/Drivers/STM32H5xx_HAL_Driver/Src/stm32h5xx_hal_rcc.c.obj
                0x08002178                HAL_RCC_GetClockConfig
 .text.HAL_RCCEx_GetPLL1ClockFreq
                0x080021e8      0x2d8 cmake/stm32cubemx/CMakeFiles/STM32_Drivers.dir/__/__/Drivers/STM32H5xx_HAL_Driver/Src/stm32h5xx_hal_rcc_ex.c.obj
                0x080021e8                HAL_RCCEx_GetPLL1ClockFreq
 .text.HAL_RCCEx_GetPLL2ClockFreq
                0x080024c0      0x2d8 cmake/stm32cubemx/CMakeFiles/STM32_Drivers.dir/__/__/Drivers/STM32H5xx_HAL_Driver/Src/stm32h5xx_hal_rcc_ex.c.obj
                0x080024c0                HAL_RCCEx_GetPLL2ClockFreq
 .text.HAL_RCCEx_GetPLL3ClockFreq
                0x08002798      0x2d8 cmake/stm32cubemx/CMakeFiles/STM32_Drivers.dir/__/__/Drivers/STM32H5xx_HAL_Driver/Src/stm32h5xx_hal_rcc_ex.c.obj
                0x08002798                HAL_RCCEx_GetPLL3ClockFreq
 .text.HAL_RCCEx_GetPeriphCLKFreq
                0x08002a70     0x16ac cmake/stm32cubemx/CMakeFiles/STM32_Drivers.dir/__/__/Drivers/STM32H5xx_HAL_Driver/Src/stm32h5xx_hal_rcc_ex.c.obj
                0x08002a70                HAL_RCCEx_GetPeriphCLKFreq
 .text.HAL_GPIO_Init
                0x0800411c      0x2bc cmake/stm32cubemx/CMakeFiles/STM32_Drivers.dir/__/__/Drivers/STM32H5xx_HAL_Driver/Src/stm32h5xx_hal_gpio.c.obj
                0x0800411c                HAL_GPIO_Init
 .text.HAL_GPIO_WritePin
                0x080043d8       0x30 cmake/stm32cubemx/CMakeFiles/STM32_Drivers.dir/__/__/Drivers/STM32H5xx_HAL_Driver/Src/stm32h5xx_hal_gpio.c.obj
                0x080043d8                HAL_GPIO_WritePin
 .text.HAL_GPIO_TogglePin
                0x08004408       0x34 cmake/stm32cubemx/CMakeFiles/STM32_Drivers.dir/__/__/Drivers/STM32H5xx_HAL_Driver/Src/stm32h5xx_hal_gpio.c.obj
                0x08004408                HAL_GPIO_TogglePin
 .text.HAL_Init
                0x0800443c       0x50 cmake/stm32cubemx/CMakeFiles/STM32_Drivers.dir/__/__/Drivers/STM32H5xx_HAL_Driver/Src/stm32h5xx_hal.c.obj
                0x0800443c                HAL_Init
 .text.HAL_IncTick
                0x0800448c       0x28 cmake/stm32cubemx/CMakeFiles/STM32_Drivers.dir/__/__/Drivers/STM32H5xx_HAL_Driver/Src/stm32h5xx_hal.c.obj
                0x0800448c                HAL_IncTick
 .text.HAL_GetTick
                0x080044b4       0x18 cmake/stm32cubemx/CMakeFiles/STM32_Drivers.dir/__/__/Drivers/STM32H5xx_HAL_Driver/Src/stm32h5xx_hal.c.obj
                0x080044b4                HAL_GetTick
 .text.HAL_EXTI_RegisterCallback
                0x080044cc       0x58 cmake/stm32cubemx/CMakeFiles/STM32_Drivers.dir/__/__/Drivers/STM32H5xx_HAL_Driver/Src/stm32h5xx_hal_exti.c.obj
                0x080044cc                HAL_EXTI_RegisterCallback
 .text.HAL_EXTI_GetHandle
                0x08004524       0x28 cmake/stm32cubemx/CMakeFiles/STM32_Drivers.dir/__/__/Drivers/STM32H5xx_HAL_Driver/Src/stm32h5xx_hal_exti.c.obj
                0x08004524                HAL_EXTI_GetHandle
 .text.HAL_EXTI_IRQHandler
                0x0800454c       0x90 cmake/stm32cubemx/CMakeFiles/STM32_Drivers.dir/__/__/Drivers/STM32H5xx_HAL_Driver/Src/stm32h5xx_hal_exti.c.obj
                0x0800454c                HAL_EXTI_IRQHandler
 .text.HAL_ICACHE_ConfigAssociativityMode
                0x080045dc       0x40 cmake/stm32cubemx/CMakeFiles/STM32_Drivers.dir/__/__/Drivers/STM32H5xx_HAL_Driver/Src/stm32h5xx_hal_icache.c.obj
                0x080045dc                HAL_ICACHE_ConfigAssociativityMode
 .text.HAL_ICACHE_Enable
                0x0800461c       0x20 cmake/stm32cubemx/CMakeFiles/STM32_Drivers.dir/__/__/Drivers/STM32H5xx_HAL_Driver/Src/stm32h5xx_hal_icache.c.obj
                0x0800461c                HAL_ICACHE_Enable
 .text.HAL_UART_Init
                0x0800463c       0xa0 cmake/stm32cubemx/CMakeFiles/STM32_Drivers.dir/__/__/Drivers/STM32H5xx_HAL_Driver/Src/stm32h5xx_hal_uart.c.obj
                0x0800463c                HAL_UART_Init
 .text.HAL_UART_MspInit
                0x080046dc       0x14 cmake/stm32cubemx/CMakeFiles/STM32_Drivers.dir/__/__/Drivers/STM32H5xx_HAL_Driver/Src/stm32h5xx_hal_uart.c.obj
                0x080046dc                HAL_UART_MspInit
 .text.UART_SetConfig
                0x080046f0      0x35c cmake/stm32cubemx/CMakeFiles/STM32_Drivers.dir/__/__/Drivers/STM32H5xx_HAL_Driver/Src/stm32h5xx_hal_uart.c.obj
                0x080046f0                UART_SetConfig
 .text.UART_AdvFeatureConfig
                0x08004a4c      0x144 cmake/stm32cubemx/CMakeFiles/STM32_Drivers.dir/__/__/Drivers/STM32H5xx_HAL_Driver/Src/stm32h5xx_hal_uart.c.obj
                0x08004a4c                UART_AdvFeatureConfig
 .text.UART_CheckIdleState
                0x08004b90      0x154 cmake/stm32cubemx/CMakeFiles/STM32_Drivers.dir/__/__/Drivers/STM32H5xx_HAL_Driver/Src/stm32h5xx_hal_uart.c.obj
                0x08004b90                UART_CheckIdleState
 .text.UART_WaitOnFlagUntilTimeout
                0x08004ce4       0xda cmake/stm32cubemx/CMakeFiles/STM32_Drivers.dir/__/__/Drivers/STM32H5xx_HAL_Driver/Src/stm32h5xx_hal_uart.c.obj
                0x08004ce4                UART_WaitOnFlagUntilTimeout
 .text.UART_EndRxTransfer
                0x08004dbe       0xcc cmake/stm32cubemx/CMakeFiles/STM32_Drivers.dir/__/__/Drivers/STM32H5xx_HAL_Driver/Src/stm32h5xx_hal_uart.c.obj
 *fill*         0x08004e8a        0x2 
 .text.BSP_LED_Init
                0x08004e8c       0x88 cmake/stm32cubemx/CMakeFiles/STM32_Drivers.dir/__/__/Drivers/BSP/STM32H5xx_Nucleo/stm32h5xx_nucleo.c.obj
                0x08004e8c                BSP_LED_Init
 .text.BSP_LED_Toggle
                0x08004f14       0x3c cmake/stm32cubemx/CMakeFiles/STM32_Drivers.dir/__/__/Drivers/BSP/STM32H5xx_Nucleo/stm32h5xx_nucleo.c.obj
                0x08004f14                BSP_LED_Toggle
 .text.BSP_PB_Init
                0x08004f50       0xf0 cmake/stm32cubemx/CMakeFiles/STM32_Drivers.dir/__/__/Drivers/BSP/STM32H5xx_Nucleo/stm32h5xx_nucleo.c.obj
                0x08004f50                BSP_PB_Init
 .text.BSP_PB_IRQHandler
                0x08005040       0x2c cmake/stm32cubemx/CMakeFiles/STM32_Drivers.dir/__/__/Drivers/BSP/STM32H5xx_Nucleo/stm32h5xx_nucleo.c.obj
                0x08005040                BSP_PB_IRQHandler
 .text.BSP_PB_Callback
                0x0800506c       0x16 cmake/stm32cubemx/CMakeFiles/STM32_Drivers.dir/__/__/Drivers/BSP/STM32H5xx_Nucleo/stm32h5xx_nucleo.c.obj
                0x0800506c                BSP_PB_Callback
 *fill*         0x08005082        0x2 
 .text.BSP_COM_Init
                0x08005084       0x60 cmake/stm32cubemx/CMakeFiles/STM32_Drivers.dir/__/__/Drivers/BSP/STM32H5xx_Nucleo/stm32h5xx_nucleo.c.obj
                0x08005084                BSP_COM_Init
 .text.MX_USART_Init
                0x080050e4       0x68 cmake/stm32cubemx/CMakeFiles/STM32_Drivers.dir/__/__/Drivers/BSP/STM32H5xx_Nucleo/stm32h5xx_nucleo.c.obj
                0x080050e4                MX_USART_Init
 .text.BUTTON_USER_EXTI_Callback
                0x0800514c        0xe cmake/stm32cubemx/CMakeFiles/STM32_Drivers.dir/__/__/Drivers/BSP/STM32H5xx_Nucleo/stm32h5xx_nucleo.c.obj
 *fill*         0x0800515a        0x2 
 .text.COM1_MspInit
                0x0800515c       0xac cmake/stm32cubemx/CMakeFiles/STM32_Drivers.dir/__/__/Drivers/BSP/STM32H5xx_Nucleo/stm32h5xx_nucleo.c.obj
 .text.pvPortMalloc
                0x08005208       0xa8 cmake/stm32cubemx/CMakeFiles/RTOS2.dir/__/__/Middlewares/Third_Party/FreeRTOS/Source/portable/MemMang/heap_1.c.obj
                0x08005208                pvPortMalloc
 .text.vPortFree
                0x080052b0       0x1e cmake/stm32cubemx/CMakeFiles/RTOS2.dir/__/__/Middlewares/Third_Party/FreeRTOS/Source/portable/MemMang/heap_1.c.obj
                0x080052b0                vPortFree
 .text.vListInitialise
                0x080052ce       0x40 cmake/stm32cubemx/CMakeFiles/RTOS2.dir/__/__/Middlewares/Third_Party/FreeRTOS/Source/list.c.obj
                0x080052ce                vListInitialise
 .text.vListInitialiseItem
                0x0800530e       0x1a cmake/stm32cubemx/CMakeFiles/RTOS2.dir/__/__/Middlewares/Third_Party/FreeRTOS/Source/list.c.obj
                0x0800530e                vListInitialiseItem
 .text.vListInsert
                0x08005328       0x72 cmake/stm32cubemx/CMakeFiles/RTOS2.dir/__/__/Middlewares/Third_Party/FreeRTOS/Source/list.c.obj
                0x08005328                vListInsert
 .text.uxListRemove
                0x0800539a       0x54 cmake/stm32cubemx/CMakeFiles/RTOS2.dir/__/__/Middlewares/Third_Party/FreeRTOS/Source/list.c.obj
                0x0800539a                uxListRemove
 .text.xQueueGenericReset
                0x080053ee       0xf2 cmake/stm32cubemx/CMakeFiles/RTOS2.dir/__/__/Middlewares/Third_Party/FreeRTOS/Source/queue.c.obj
                0x080053ee                xQueueGenericReset
 .text.xQueueGenericCreateStatic
                0x080054e0       0x92 cmake/stm32cubemx/CMakeFiles/RTOS2.dir/__/__/Middlewares/Third_Party/FreeRTOS/Source/queue.c.obj
                0x080054e0                xQueueGenericCreateStatic
 .text.prvInitialiseNewQueue
                0x08005572       0x46 cmake/stm32cubemx/CMakeFiles/RTOS2.dir/__/__/Middlewares/Third_Party/FreeRTOS/Source/queue.c.obj
 .text.xQueueReceive
                0x080055b8      0x178 cmake/stm32cubemx/CMakeFiles/RTOS2.dir/__/__/Middlewares/Third_Party/FreeRTOS/Source/queue.c.obj
                0x080055b8                xQueueReceive
 .text.prvCopyDataFromQueue
                0x08005730       0x4c cmake/stm32cubemx/CMakeFiles/RTOS2.dir/__/__/Middlewares/Third_Party/FreeRTOS/Source/queue.c.obj
 .text.prvUnlockQueue
                0x0800577c       0xa4 cmake/stm32cubemx/CMakeFiles/RTOS2.dir/__/__/Middlewares/Third_Party/FreeRTOS/Source/queue.c.obj
 .text.prvIsQueueEmpty
                0x08005820       0x2c cmake/stm32cubemx/CMakeFiles/RTOS2.dir/__/__/Middlewares/Third_Party/FreeRTOS/Source/queue.c.obj
 .text.vQueueAddToRegistry
                0x0800584c       0x8c cmake/stm32cubemx/CMakeFiles/RTOS2.dir/__/__/Middlewares/Third_Party/FreeRTOS/Source/queue.c.obj
                0x0800584c                vQueueAddToRegistry
 .text.vQueueWaitForMessageRestricted
                0x080058d8       0x68 cmake/stm32cubemx/CMakeFiles/RTOS2.dir/__/__/Middlewares/Third_Party/FreeRTOS/Source/queue.c.obj
                0x080058d8                vQueueWaitForMessageRestricted
 .text.prvCreateStaticTask
                0x08005940       0x92 cmake/stm32cubemx/CMakeFiles/RTOS2.dir/__/__/Middlewares/Third_Party/FreeRTOS/Source/tasks.c.obj
 .text.xTaskCreateStatic
                0x080059d2       0x48 cmake/stm32cubemx/CMakeFiles/RTOS2.dir/__/__/Middlewares/Third_Party/FreeRTOS/Source/tasks.c.obj
                0x080059d2                xTaskCreateStatic
 .text.prvCreateTask
                0x08005a1a       0x80 cmake/stm32cubemx/CMakeFiles/RTOS2.dir/__/__/Middlewares/Third_Party/FreeRTOS/Source/tasks.c.obj
 .text.xTaskCreate
                0x08005a9a       0x46 cmake/stm32cubemx/CMakeFiles/RTOS2.dir/__/__/Middlewares/Third_Party/FreeRTOS/Source/tasks.c.obj
                0x08005a9a                xTaskCreate
 .text.prvInitialiseNewTask
                0x08005ae0      0x104 cmake/stm32cubemx/CMakeFiles/RTOS2.dir/__/__/Middlewares/Third_Party/FreeRTOS/Source/tasks.c.obj
 .text.prvAddNewTaskToReadyList
                0x08005be4      0x124 cmake/stm32cubemx/CMakeFiles/RTOS2.dir/__/__/Middlewares/Third_Party/FreeRTOS/Source/tasks.c.obj
 .text.vTaskDelay
                0x08005d08       0x4c cmake/stm32cubemx/CMakeFiles/RTOS2.dir/__/__/Middlewares/Third_Party/FreeRTOS/Source/tasks.c.obj
                0x08005d08                vTaskDelay
 .text.prvCreateIdleTasks
                0x08005d54       0xec cmake/stm32cubemx/CMakeFiles/RTOS2.dir/__/__/Middlewares/Third_Party/FreeRTOS/Source/tasks.c.obj
 .text.vTaskStartScheduler
                0x08005e40       0x68 cmake/stm32cubemx/CMakeFiles/RTOS2.dir/__/__/Middlewares/Third_Party/FreeRTOS/Source/tasks.c.obj
                0x08005e40                vTaskStartScheduler
 .text.vTaskSuspendAll
                0x08005ea8       0x1c cmake/stm32cubemx/CMakeFiles/RTOS2.dir/__/__/Middlewares/Third_Party/FreeRTOS/Source/tasks.c.obj
                0x08005ea8                vTaskSuspendAll
 .text.xTaskResumeAll
                0x08005ec4      0x1f4 cmake/stm32cubemx/CMakeFiles/RTOS2.dir/__/__/Middlewares/Third_Party/FreeRTOS/Source/tasks.c.obj
                0x08005ec4                xTaskResumeAll
 .text.xTaskGetTickCount
                0x080060b8       0x20 cmake/stm32cubemx/CMakeFiles/RTOS2.dir/__/__/Middlewares/Third_Party/FreeRTOS/Source/tasks.c.obj
                0x080060b8                xTaskGetTickCount
 .text.xTaskIncrementTick
                0x080060d8      0x224 cmake/stm32cubemx/CMakeFiles/RTOS2.dir/__/__/Middlewares/Third_Party/FreeRTOS/Source/tasks.c.obj
                0x080060d8                xTaskIncrementTick
 .text.vTaskSwitchContext
                0x080062fc       0xac cmake/stm32cubemx/CMakeFiles/RTOS2.dir/__/__/Middlewares/Third_Party/FreeRTOS/Source/tasks.c.obj
                0x080062fc                vTaskSwitchContext
 .text.vTaskPlaceOnEventList
                0x080063a8       0x3c cmake/stm32cubemx/CMakeFiles/RTOS2.dir/__/__/Middlewares/Third_Party/FreeRTOS/Source/tasks.c.obj
                0x080063a8                vTaskPlaceOnEventList
 .text.vTaskPlaceOnEventListRestricted
                0x080063e4       0x7c cmake/stm32cubemx/CMakeFiles/RTOS2.dir/__/__/Middlewares/Third_Party/FreeRTOS/Source/tasks.c.obj
                0x080063e4                vTaskPlaceOnEventListRestricted
 .text.xTaskRemoveFromEventList
                0x08006460      0x1a0 cmake/stm32cubemx/CMakeFiles/RTOS2.dir/__/__/Middlewares/Third_Party/FreeRTOS/Source/tasks.c.obj
                0x08006460                xTaskRemoveFromEventList
 .text.vTaskInternalSetTimeOutState
                0x08006600       0x2c cmake/stm32cubemx/CMakeFiles/RTOS2.dir/__/__/Middlewares/Third_Party/FreeRTOS/Source/tasks.c.obj
                0x08006600                vTaskInternalSetTimeOutState
 .text.xTaskCheckForTimeOut
                0x0800662c       0xd0 cmake/stm32cubemx/CMakeFiles/RTOS2.dir/__/__/Middlewares/Third_Party/FreeRTOS/Source/tasks.c.obj
                0x0800662c                xTaskCheckForTimeOut
 .text.vTaskMissedYield
                0x080066fc       0x18 cmake/stm32cubemx/CMakeFiles/RTOS2.dir/__/__/Middlewares/Third_Party/FreeRTOS/Source/tasks.c.obj
                0x080066fc                vTaskMissedYield
 .text.prvIdleTask
                0x08006714       0x20 cmake/stm32cubemx/CMakeFiles/RTOS2.dir/__/__/Middlewares/Third_Party/FreeRTOS/Source/tasks.c.obj
 .text.prvInitialiseTaskLists
                0x08006734       0x80 cmake/stm32cubemx/CMakeFiles/RTOS2.dir/__/__/Middlewares/Third_Party/FreeRTOS/Source/tasks.c.obj
 .text.prvCheckTasksWaitingTermination
                0x080067b4       0x5c cmake/stm32cubemx/CMakeFiles/RTOS2.dir/__/__/Middlewares/Third_Party/FreeRTOS/Source/tasks.c.obj
 .text.prvDeleteTCB
                0x08006810       0x50 cmake/stm32cubemx/CMakeFiles/RTOS2.dir/__/__/Middlewares/Third_Party/FreeRTOS/Source/tasks.c.obj
 .text.prvResetNextTaskUnblockTime
                0x08006860       0x38 cmake/stm32cubemx/CMakeFiles/RTOS2.dir/__/__/Middlewares/Third_Party/FreeRTOS/Source/tasks.c.obj
 .text.xTaskGetSchedulerState
                0x08006898       0x3c cmake/stm32cubemx/CMakeFiles/RTOS2.dir/__/__/Middlewares/Third_Party/FreeRTOS/Source/tasks.c.obj
                0x08006898                xTaskGetSchedulerState
 .text.prvAddCurrentTaskToDelayedList
                0x080068d4       0xec cmake/stm32cubemx/CMakeFiles/RTOS2.dir/__/__/Middlewares/Third_Party/FreeRTOS/Source/tasks.c.obj
 .text.vApplicationGetIdleTaskMemory
                0x080069c0       0x34 cmake/stm32cubemx/CMakeFiles/RTOS2.dir/__/__/Middlewares/Third_Party/FreeRTOS/Source/tasks.c.obj
                0x080069c0                vApplicationGetIdleTaskMemory
 .text.vApplicationGetTimerTaskMemory
                0x080069f4       0x34 cmake/stm32cubemx/CMakeFiles/RTOS2.dir/__/__/Middlewares/Third_Party/FreeRTOS/Source/tasks.c.obj
                0x080069f4                vApplicationGetTimerTaskMemory
 .text.xTimerCreateTimerTask
                0x08006a28       0x80 cmake/stm32cubemx/CMakeFiles/RTOS2.dir/__/__/Middlewares/Third_Party/FreeRTOS/Source/timers.c.obj
                0x08006a28                xTimerCreateTimerTask
 .text.prvReloadTimer
                0x08006aa8       0x42 cmake/stm32cubemx/CMakeFiles/RTOS2.dir/__/__/Middlewares/Third_Party/FreeRTOS/Source/timers.c.obj
 *fill*         0x08006aea        0x2 
 .text.prvProcessExpiredTimer
                0x08006aec       0x60 cmake/stm32cubemx/CMakeFiles/RTOS2.dir/__/__/Middlewares/Third_Party/FreeRTOS/Source/timers.c.obj
 .text.prvTimerTask
                0x08006b4c       0x26 cmake/stm32cubemx/CMakeFiles/RTOS2.dir/__/__/Middlewares/Third_Party/FreeRTOS/Source/timers.c.obj
 *fill*         0x08006b72        0x2 
 .text.prvProcessTimerOrBlockTask
                0x08006b74       0x8c cmake/stm32cubemx/CMakeFiles/RTOS2.dir/__/__/Middlewares/Third_Party/FreeRTOS/Source/timers.c.obj
 .text.prvGetNextExpireTime
                0x08006c00       0x48 cmake/stm32cubemx/CMakeFiles/RTOS2.dir/__/__/Middlewares/Third_Party/FreeRTOS/Source/timers.c.obj
 .text.prvSampleTimeNow
                0x08006c48       0x40 cmake/stm32cubemx/CMakeFiles/RTOS2.dir/__/__/Middlewares/Third_Party/FreeRTOS/Source/timers.c.obj
 .text.prvInsertTimerInActiveList
                0x08006c88       0x84 cmake/stm32cubemx/CMakeFiles/RTOS2.dir/__/__/Middlewares/Third_Party/FreeRTOS/Source/timers.c.obj
 .text.prvProcessReceivedCommands
                0x08006d0c      0x1b0 cmake/stm32cubemx/CMakeFiles/RTOS2.dir/__/__/Middlewares/Third_Party/FreeRTOS/Source/timers.c.obj
 .text.prvSwitchTimerLists
                0x08006ebc       0x4c cmake/stm32cubemx/CMakeFiles/RTOS2.dir/__/__/Middlewares/Third_Party/FreeRTOS/Source/timers.c.obj
 .text.prvCheckForValidListAndQueue
                0x08006f08       0x80 cmake/stm32cubemx/CMakeFiles/RTOS2.dir/__/__/Middlewares/Third_Party/FreeRTOS/Source/timers.c.obj
 .text.vPortSetupTimerInterrupt
                0x08006f88       0x48 cmake/stm32cubemx/CMakeFiles/RTOS2.dir/__/__/Middlewares/Third_Party/FreeRTOS/Source/portable/GCC/ARM_CM33_NTZ/non_secure/port.c.obj
                0x08006f88                vPortSetupTimerInterrupt
 .text.prvTaskExitError
                0x08006fd0       0x38 cmake/stm32cubemx/CMakeFiles/RTOS2.dir/__/__/Middlewares/Third_Party/FreeRTOS/Source/portable/GCC/ARM_CM33_NTZ/non_secure/port.c.obj
 .text.vPortYield
                0x08007008       0x24 cmake/stm32cubemx/CMakeFiles/RTOS2.dir/__/__/Middlewares/Third_Party/FreeRTOS/Source/portable/GCC/ARM_CM33_NTZ/non_secure/port.c.obj
                0x08007008                vPortYield
 .text.vPortEnterCritical
                0x0800702c       0x24 cmake/stm32cubemx/CMakeFiles/RTOS2.dir/__/__/Middlewares/Third_Party/FreeRTOS/Source/portable/GCC/ARM_CM33_NTZ/non_secure/port.c.obj
                0x0800702c                vPortEnterCritical
 .text.vPortExitCritical
                0x08007050       0x34 cmake/stm32cubemx/CMakeFiles/RTOS2.dir/__/__/Middlewares/Third_Party/FreeRTOS/Source/portable/GCC/ARM_CM33_NTZ/non_secure/port.c.obj
                0x08007050                vPortExitCritical
 .text.xPortSysTickHandler
                0x08007084       0x30 cmake/stm32cubemx/CMakeFiles/RTOS2.dir/__/__/Middlewares/Third_Party/FreeRTOS/Source/portable/GCC/ARM_CM33_NTZ/non_secure/port.c.obj
                0x08007084                xPortSysTickHandler
 .text.vPortSVCHandler_C
                0x080070b4       0x32 cmake/stm32cubemx/CMakeFiles/RTOS2.dir/__/__/Middlewares/Third_Party/FreeRTOS/Source/portable/GCC/ARM_CM33_NTZ/non_secure/port.c.obj
                0x080070b4                vPortSVCHandler_C
 *fill*         0x080070e6        0x2 
 .text.pxPortInitialiseStack
                0x080070e8      0x114 cmake/stm32cubemx/CMakeFiles/RTOS2.dir/__/__/Middlewares/Third_Party/FreeRTOS/Source/portable/GCC/ARM_CM33_NTZ/non_secure/port.c.obj
                0x080070e8                pxPortInitialiseStack
 .text.xPortStartScheduler
                0x080071fc      0x12c cmake/stm32cubemx/CMakeFiles/RTOS2.dir/__/__/Middlewares/Third_Party/FreeRTOS/Source/portable/GCC/ARM_CM33_NTZ/non_secure/port.c.obj
                0x080071fc                xPortStartScheduler
 .text.vRestoreContextOfFirstTask
                0x08007328       0x34 cmake/stm32cubemx/CMakeFiles/RTOS2.dir/__/__/Middlewares/Third_Party/FreeRTOS/Source/portable/GCC/ARM_CM33_NTZ/non_secure/portasm.c.obj
                0x08007328                vRestoreContextOfFirstTask
 .text.vStartFirstTask
                0x0800735c       0x20 cmake/stm32cubemx/CMakeFiles/RTOS2.dir/__/__/Middlewares/Third_Party/FreeRTOS/Source/portable/GCC/ARM_CM33_NTZ/non_secure/portasm.c.obj
                0x0800735c                vStartFirstTask
 .text.ulSetInterruptMask
                0x0800737c       0x1a cmake/stm32cubemx/CMakeFiles/RTOS2.dir/__/__/Middlewares/Third_Party/FreeRTOS/Source/portable/GCC/ARM_CM33_NTZ/non_secure/portasm.c.obj
                0x0800737c                ulSetInterruptMask
 .text.vClearInterruptMask
                0x08007396       0x10 cmake/stm32cubemx/CMakeFiles/RTOS2.dir/__/__/Middlewares/Third_Party/FreeRTOS/Source/portable/GCC/ARM_CM33_NTZ/non_secure/portasm.c.obj
                0x08007396                vClearInterruptMask
 *fill*         0x080073a6        0x2 
 .text.PendSV_Handler
                0x080073a8       0x4c cmake/stm32cubemx/CMakeFiles/RTOS2.dir/__/__/Middlewares/Third_Party/FreeRTOS/Source/portable/GCC/ARM_CM33_NTZ/non_secure/portasm.c.obj
                0x080073a8                PendSV_Handler
 .text.SVC_Handler
                0x080073f4       0x18 cmake/stm32cubemx/CMakeFiles/RTOS2.dir/__/__/Middlewares/Third_Party/FreeRTOS/Source/portable/GCC/ARM_CM33_NTZ/non_secure/portasm.c.obj
                0x080073f4                SVC_Handler
 .text.SysTick_Handler
                0x0800740c       0x20 cmake/stm32cubemx/CMakeFiles/RTOS2.dir/__/__/Middlewares/Third_Party/FreeRTOS/Source/CMSIS_RTOS_V2/cmsis_os2.c.obj
                0x0800740c                SysTick_Handler
 .text.main     0x0800742c       0x64 CMakeFiles/str.dir/Core/Src/main.c.obj
                0x0800742c                main
 .text.SystemClock_Config
                0x08007490       0xc0 CMakeFiles/str.dir/Core/Src/main.c.obj
                0x08007490                SystemClock_Config
 .text.MPU_Config
                0x08007550       0x6c CMakeFiles/str.dir/Core/Src/main.c.obj
 .text.HAL_TIM_PeriodElapsedCallback
                0x080075bc       0x24 CMakeFiles/str.dir/Core/Src/main.c.obj
                0x080075bc                HAL_TIM_PeriodElapsedCallback
 .text.Error_Handler
                0x080075e0        0xc CMakeFiles/str.dir/Core/Src/main.c.obj
                0x080075e0                Error_Handler
 .text.MX_GPIO_Init
                0x080075ec       0x84 CMakeFiles/str.dir/Core/Src/gpio.c.obj
                0x080075ec                MX_GPIO_Init
 .text.MX_ICACHE_Init
                0x08007670       0x26 CMakeFiles/str.dir/Core/Src/icache.c.obj
                0x08007670                MX_ICACHE_Init
 .text.NMI_Handler
                0x08007696        0x8 CMakeFiles/str.dir/Core/Src/stm32h5xx_it.c.obj
                0x08007696                NMI_Handler
 .text.HardFault_Handler
                0x0800769e        0x8 CMakeFiles/str.dir/Core/Src/stm32h5xx_it.c.obj
                0x0800769e                HardFault_Handler
 .text.MemManage_Handler
                0x080076a6        0x8 CMakeFiles/str.dir/Core/Src/stm32h5xx_it.c.obj
                0x080076a6                MemManage_Handler
 .text.BusFault_Handler
                0x080076ae        0x8 CMakeFiles/str.dir/Core/Src/stm32h5xx_it.c.obj
                0x080076ae                BusFault_Handler
 .text.UsageFault_Handler
                0x080076b6        0x8 CMakeFiles/str.dir/Core/Src/stm32h5xx_it.c.obj
                0x080076b6                UsageFault_Handler
 .text.DebugMon_Handler
                0x080076be        0xe CMakeFiles/str.dir/Core/Src/stm32h5xx_it.c.obj
                0x080076be                DebugMon_Handler
 .text.EXTI13_IRQHandler
                0x080076cc        0xe CMakeFiles/str.dir/Core/Src/stm32h5xx_it.c.obj
                0x080076cc                EXTI13_IRQHandler
 *fill*         0x080076da        0x2 
 .text.TIM1_UP_IRQHandler
                0x080076dc       0x14 CMakeFiles/str.dir/Core/Src/stm32h5xx_it.c.obj
                0x080076dc                TIM1_UP_IRQHandler
 .text.HAL_MspInit
                0x080076f0       0x14 CMakeFiles/str.dir/Core/Src/stm32h5xx_hal_msp.c.obj
                0x080076f0                HAL_MspInit
 .text.HAL_InitTick
                0x08007704       0xd8 CMakeFiles/str.dir/Core/Src/stm32h5xx_hal_timebase_tim.c.obj
                0x08007704                HAL_InitTick
 .text.Reset_Handler
                0x080077dc       0x5c CMakeFiles/str.dir/startup_stm32h533xx.s.obj
                0x080077dc                Reset_Handler
 .text.Default_Handler
                0x08007838        0x2 CMakeFiles/str.dir/startup_stm32h533xx.s.obj
                0x08007838                EXTI2_IRQHandler
                0x08007838                TIM8_TRG_COM_IRQHandler
                0x08007838                TIM8_CC_IRQHandler
                0x08007838                EXTI5_IRQHandler
                0x08007838                I3C1_ER_IRQHandler
                0x08007838                SPI4_IRQHandler
                0x08007838                GPDMA2_Channel1_IRQHandler
                0x08007838                FLASH_S_IRQHandler
                0x08007838                TIM1_CC_IRQHandler
                0x08007838                GPDMA2_Channel3_IRQHandler
                0x08007838                TAMP_IRQHandler
                0x08007838                TIM6_IRQHandler
                0x08007838                EXTI12_IRQHandler
                0x08007838                USB_DRD_FS_IRQHandler
                0x08007838                EXTI3_IRQHandler
                0x08007838                GPDMA1_Channel5_IRQHandler
                0x08007838                EXTI8_IRQHandler
                0x08007838                GPDMA2_Channel5_IRQHandler
                0x08007838                LPTIM2_IRQHandler
                0x08007838                I2C3_ER_IRQHandler
                0x08007838                GPDMA2_Channel2_IRQHandler
                0x08007838                EXTI0_IRQHandler
                0x08007838                I2C2_EV_IRQHandler
                0x08007838                FPU_IRQHandler
                0x08007838                GPDMA1_Channel3_IRQHandler
                0x08007838                GPDMA1_Channel7_IRQHandler
                0x08007838                FDCAN1_IT1_IRQHandler
                0x08007838                RAMCFG_IRQHandler
                0x08007838                DCACHE1_IRQHandler
                0x08007838                SPI1_IRQHandler
                0x08007838                OCTOSPI1_IRQHandler
                0x08007838                GPDMA1_Channel2_IRQHandler
                0x08007838                TIM8_UP_IRQHandler
                0x08007838                RCC_S_IRQHandler
                0x08007838                ADC1_IRQHandler
                0x08007838                PKA_IRQHandler
                0x08007838                USART6_IRQHandler
                0x08007838                I3C2_ER_IRQHandler
                0x08007838                EXTI15_IRQHandler
                0x08007838                USART3_IRQHandler
                0x08007838                RTC_IRQHandler
                0x08007838                EXTI9_IRQHandler
                0x08007838                UART5_IRQHandler
                0x08007838                TIM4_IRQHandler
                0x08007838                I3C2_EV_IRQHandler
                0x08007838                I2C1_EV_IRQHandler
                0x08007838                GPDMA1_Channel1_IRQHandler
                0x08007838                UART4_IRQHandler
                0x08007838                SecureFault_Handler
                0x08007838                TIM3_IRQHandler
                0x08007838                RCC_IRQHandler
                0x08007838                TIM1_TRG_COM_IRQHandler
                0x08007838                Default_Handler
                0x08007838                CEC_IRQHandler
                0x08007838                OTFDEC1_IRQHandler
                0x08007838                GPDMA2_Channel4_IRQHandler
                0x08007838                TIM12_IRQHandler
                0x08007838                TIM7_IRQHandler
                0x08007838                SDMMC1_IRQHandler
                0x08007838                SAES_IRQHandler
                0x08007838                TIM5_IRQHandler
                0x08007838                UCPD1_IRQHandler
                0x08007838                GPDMA1_Channel0_IRQHandler
                0x08007838                I3C1_EV_IRQHandler
                0x08007838                TIM15_IRQHandler
                0x08007838                PVD_AVD_IRQHandler
                0x08007838                I2C3_EV_IRQHandler
                0x08007838                ADC2_IRQHandler
                0x08007838                SPI2_IRQHandler
                0x08007838                EXTI14_IRQHandler
                0x08007838                EXTI11_IRQHandler
                0x08007838                CRS_IRQHandler
                0x08007838                EXTI4_IRQHandler
                0x08007838                GPDMA2_Channel0_IRQHandler
                0x08007838                RTC_S_IRQHandler
                0x08007838                RNG_IRQHandler
                0x08007838                FDCAN2_IT1_IRQHandler
                0x08007838                GPDMA2_Channel6_IRQHandler
                0x08007838                WWDG_IRQHandler
                0x08007838                FDCAN2_IT0_IRQHandler
                0x08007838                IWDG_IRQHandler
                0x08007838                LPUART1_IRQHandler
                0x08007838                FDCAN1_IT0_IRQHandler
                0x08007838                TIM2_IRQHandler
                0x08007838                GPDMA1_Channel4_IRQHandler
                0x08007838                EXTI7_IRQHandler
                0x08007838                TIM1_BRK_IRQHandler
                0x08007838                EXTI1_IRQHandler
                0x08007838                AES_IRQHandler
                0x08007838                DAC1_IRQHandler
                0x08007838                DTS_IRQHandler
                0x08007838                GTZC_IRQHandler
                0x08007838                USART2_IRQHandler
                0x08007838                GPDMA1_Channel6_IRQHandler
                0x08007838                GPDMA2_Channel7_IRQHandler
                0x08007838                I2C2_ER_IRQHandler
                0x08007838                TIM8_BRK_IRQHandler
                0x08007838                FLASH_IRQHandler
                0x08007838                USART1_IRQHandler
                0x08007838                EXTI10_IRQHandler
                0x08007838                SPI3_IRQHandler
                0x08007838                I2C1_ER_IRQHandler
                0x08007838                FMC_IRQHandler
                0x08007838                EXTI6_IRQHandler
                0x08007838                LPTIM1_IRQHandler
                0x08007838                DCMI_PSSI_IRQHandler
                0x08007838                ICACHE_IRQHandler
                0x08007838                HASH_IRQHandler
 .text.blinky   0x0800783a       0x18 CMakeFiles/str.dir/App/Src/my_main.c.obj
                0x0800783a                blinky
 *fill*         0x08007852        0x2 
 .text.my_main  0x08007854       0x30 CMakeFiles/str.dir/App/Src/my_main.c.obj
                0x08007854                my_main
 .text.memset   0x08007884       0x10 /home/tomi/st/stm32cubeide_2.1.1/plugins/com.st.stm32cube.ide.mcu.externaltools.gnu-tools-for-stm32.14.3.rel1.linux64_1.0.100.202602081740/tools/bin/../lib/gcc/arm-none-eabi/14.3.1/../../../../arm-none-eabi/lib/thumb/v8-m.main+fp/hard/libg_nano.a(libc_a-memset.o)
                0x08007884                memset
 .text.__libc_init_array
                0x08007894       0x48 /home/tomi/st/stm32cubeide_2.1.1/plugins/com.st.stm32cube.ide.mcu.externaltools.gnu-tools-for-stm32.14.3.rel1.linux64_1.0.100.202602081740/tools/bin/../lib/gcc/arm-none-eabi/14.3.1/../../../../arm-none-eabi/lib/thumb/v8-m.main+fp/hard/libg_nano.a(libc_a-init.o)
                0x08007894                __libc_init_array
 .text.memcpy   0x080078dc       0x1a /home/tomi/st/stm32cubeide_2.1.1/plugins/com.st.stm32cube.ide.mcu.externaltools.gnu-tools-for-stm32.14.3.rel1.linux64_1.0.100.202602081740/tools/bin/../lib/gcc/arm-none-eabi/14.3.1/../../../../arm-none-eabi/lib/thumb/v8-m.main+fp/hard/libg_nano.a(libc_a-memcpy-stub.o)
                0x080078dc                memcpy
 *(.glue_7)
 .glue_7        0x080078f6        0x0 linker stubs
 *(.glue_7t)
 .glue_7t       0x080078f6        0x0 linker stubs
 *(.eh_frame)
 *fill*         0x080078f6        0x2 
 .eh_frame      0x080078f8        0x0 /home/tomi/st/stm32cubeide_2.1.1/plugins/com.st.stm32cube.ide.mcu.externaltools.gnu-tools-for-stm32.14.3.rel1.linux64_1.0.100.202602081740/tools/bin/../lib/gcc/arm-none-eabi/14.3.1/thumb/v8-m.main+fp/hard/crtbegin.o
 *(.init)
 .init          0x080078f8        0x4 /home/tomi/st/stm32cubeide_2.1.1/plugins/com.st.stm32cube.ide.mcu.externaltools.gnu-tools-for-stm32.14.3.rel1.linux64_1.0.100.202602081740/tools/bin/../lib/gcc/arm-none-eabi/14.3.1/thumb/v8-m.main+fp/hard/crti.o
                0x080078f8                _init
 .init          0x080078fc        0x8 /home/tomi/st/stm32cubeide_2.1.1/plugins/com.st.stm32cube.ide.mcu.externaltools.gnu-tools-for-stm32.14.3.rel1.linux64_1.0.100.202602081740/tools/bin/../lib/gcc/arm-none-eabi/14.3.1/thumb/v8-m.main+fp/hard/crtn.o
 *(.fini)
 .fini          0x08007904        0x4 /home/tomi/st/stm32cubeide_2.1.1/plugins/com.st.stm32cube.ide.mcu.externaltools.gnu-tools-for-stm32.14.3.rel1.linux64_1.0.100.202602081740/tools/bin/../lib/gcc/arm-none-eabi/14.3.1/thumb/v8-m.main+fp/hard/crti.o
                0x08007904                _fini
 .fini          0x08007908        0x8 /home/tomi/st/stm32cubeide_2.1.1/plugins/com.st.stm32cube.ide.mcu.externaltools.gnu-tools-for-stm32.14.3.rel1.linux64_1.0.100.202602081740/tools/bin/../lib/gcc/arm-none-eabi/14.3.1/thumb/v8-m.main+fp/hard/crtn.o
                0x08007910                        . = ALIGN (0x4)
                0x08007910                        _etext = .

.vfp11_veneer   0x08007910        0x0
 .vfp11_veneer  0x08007910        0x0 linker stubs

.v4_bx          0x08007910        0x0
 .v4_bx         0x08007910        0x0 linker stubs

.iplt           0x08007910        0x0
 .iplt          0x08007910        0x0 /home/tomi/st/stm32cubeide_2.1.1/plugins/com.st.stm32cube.ide.mcu.externaltools.gnu-tools-for-stm32.14.3.rel1.linux64_1.0.100.202602081740/tools/bin/../lib/gcc/arm-none-eabi/14.3.1/thumb/v8-m.main+fp/hard/crtbegin.o

.rodata         0x08007910       0x58
                0x08007910                        . = ALIGN (0x4)
 *(.rodata)
 .rodata        0x08007910        0x5 cmake/stm32cubemx/CMakeFiles/RTOS2.dir/__/__/Middlewares/Third_Party/FreeRTOS/Source/tasks.c.obj
 *fill*         0x08007915        0x3 
 .rodata        0x08007918        0xd cmake/stm32cubemx/CMakeFiles/RTOS2.dir/__/__/Middlewares/Third_Party/FreeRTOS/Source/timers.c.obj
 *fill*         0x08007925        0x3 
 .rodata        0x08007928        0x7 CMakeFiles/str.dir/App/Src/my_main.c.obj
 *(.rodata*)
 *fill*         0x0800792f        0x1 
 .rodata.AHBPrescTable
                0x08007930       0x10 cmake/stm32cubemx/CMakeFiles/STM32_Drivers.dir/__/__/Core/Src/system_stm32h5xx.c.obj
                0x08007930                AHBPrescTable
 .rodata.APBPrescTable
                0x08007940        0x8 cmake/stm32cubemx/CMakeFiles/STM32_Drivers.dir/__/__/Core/Src/system_stm32h5xx.c.obj
                0x08007940                APBPrescTable
 .rodata.UARTPrescTable
                0x08007948       0x18 cmake/stm32cubemx/CMakeFiles/STM32_Drivers.dir/__/__/Drivers/STM32H5xx_HAL_Driver/Src/stm32h5xx_hal_uart.c.obj
                0x08007948                UARTPrescTable
 .rodata.BUTTON_EXTI_LINE.2
                0x08007960        0x4 cmake/stm32cubemx/CMakeFiles/STM32_Drivers.dir/__/__/Drivers/BSP/STM32H5xx_Nucleo/stm32h5xx_nucleo.c.obj
 .rodata.uxTopUsedPriority
                0x08007964        0x4 cmake/stm32cubemx/CMakeFiles/RTOS2.dir/__/__/Middlewares/Third_Party/FreeRTOS/Source/tasks.c.obj
                0x08007968                        . = ALIGN (0x4)

.ARM.extab      0x08007968        0x0
                0x08007968                        . = ALIGN (0x4)
 *(.ARM.extab* .gnu.linkonce.armextab.*)
                0x08007968                        . = ALIGN (0x4)

.ARM            0x08007968        0x8
                0x08007968                        . = ALIGN (0x4)
                0x08007968                        __exidx_start = .
 *(.ARM.exidx*)
 .ARM.exidx     0x08007968        0x8 /home/tomi/st/stm32cubeide_2.1.1/plugins/com.st.stm32cube.ide.mcu.externaltools.gnu-tools-for-stm32.14.3.rel1.linux64_1.0.100.202602081740/tools/bin/../lib/gcc/arm-none-eabi/14.3.1/thumb/v8-m.main+fp/hard/libgcc.a(_udivmoddi4.o)
                0x08007970                        __exidx_end = .
                0x08007970                        . = ALIGN (0x4)

.preinit_array  0x08007970        0x0
                0x08007970                        . = ALIGN (0x4)
                0x08007970                        PROVIDE (__preinit_array_start = .)
 *(.preinit_array*)
                0x08007970                        PROVIDE (__preinit_array_end = .)
                0x08007970                        . = ALIGN (0x4)

.init_array     0x08007970        0x4
                0x08007970                        . = ALIGN (0x4)
                0x08007970                        PROVIDE (__init_array_start = .)
 *(SORT_BY_NAME(.init_array.*))
 *(.init_array*)
 .init_array    0x08007970        0x4 /home/tomi/st/stm32cubeide_2.1.1/plugins/com.st.stm32cube.ide.mcu.externaltools.gnu-tools-for-stm32.14.3.rel1.linux64_1.0.100.202602081740/tools/bin/../lib/gcc/arm-none-eabi/14.3.1/thumb/v8-m.main+fp/hard/crtbegin.o
                0x08007974                        PROVIDE (__init_array_end = .)
                0x08007974                        . = ALIGN (0x4)

.fini_array     0x08007974        0x4
                0x08007974                        . = ALIGN (0x4)
                [!provide]                        PROVIDE (__fini_array_start = .)
 *(SORT_BY_NAME(.fini_array.*))
 *(.fini_array*)
 .fini_array    0x08007974        0x4 /home/tomi/st/stm32cubeide_2.1.1/plugins/com.st.stm32cube.ide.mcu.externaltools.gnu-tools-for-stm32.14.3.rel1.linux64_1.0.100.202602081740/tools/bin/../lib/gcc/arm-none-eabi/14.3.1/thumb/v8-m.main+fp/hard/crtbegin.o
                [!provide]                        PROVIDE (__fini_array_end = .)
                0x08007978                        . = ALIGN (0x4)
                0x08007978                        _sidata = LOADADDR (.data)

.rel.dyn        0x08007978        0x0
 .rel.iplt      0x08007978        0x0 /home/tomi/st/stm32cubeide_2.1.1/plugins/com.st.stm32cube.ide.mcu.externaltools.gnu-tools-for-stm32.14.3.rel1.linux64_1.0.100.202602081740/tools/bin/../lib/gcc/arm-none-eabi/14.3.1/thumb/v8-m.main+fp/hard/crtbegin.o

.data           0x20000000       0x24 load address 0x08007978
                0x20000000                        . = ALIGN (0x4)
                0x20000000                        _sdata = .
 *(.data)
 *(.data*)
 .data.SystemCoreClock
                0x20000000        0x4 cmake/stm32cubemx/CMakeFiles/STM32_Drivers.dir/__/__/Core/Src/system_stm32h5xx.c.obj
                0x20000000                SystemCoreClock
 .data.uwTickPrio
                0x20000004        0x4 cmake/stm32cubemx/CMakeFiles/STM32_Drivers.dir/__/__/Drivers/STM32H5xx_HAL_Driver/Src/stm32h5xx_hal.c.obj
                0x20000004                uwTickPrio
 .data.uwTickFreq
                0x20000008        0x1 cmake/stm32cubemx/CMakeFiles/STM32_Drivers.dir/__/__/Drivers/STM32H5xx_HAL_Driver/Src/stm32h5xx_hal.c.obj
                0x20000008                uwTickFreq
 *fill*         0x20000009        0x3 
 .data.COM_USART
                0x2000000c        0x4 cmake/stm32cubemx/CMakeFiles/STM32_Drivers.dir/__/__/Drivers/BSP/STM32H5xx_Nucleo/stm32h5xx_nucleo.c.obj
                0x2000000c                COM_USART
 .data.LED_PORT
                0x20000010        0x4 cmake/stm32cubemx/CMakeFiles/STM32_Drivers.dir/__/__/Drivers/BSP/STM32H5xx_Nucleo/stm32h5xx_nucleo.c.obj
 .data.BUTTON_PORT
                0x20000014        0x4 cmake/stm32cubemx/CMakeFiles/STM32_Drivers.dir/__/__/Drivers/BSP/STM32H5xx_Nucleo/stm32h5xx_nucleo.c.obj
 .data.ButtonCallback.1
                0x20000018        0x4 cmake/stm32cubemx/CMakeFiles/STM32_Drivers.dir/__/__/Drivers/BSP/STM32H5xx_Nucleo/stm32h5xx_nucleo.c.obj
 .data.BSP_BUTTON_PRIO.0
                0x2000001c        0x4 cmake/stm32cubemx/CMakeFiles/STM32_Drivers.dir/__/__/Drivers/BSP/STM32H5xx_Nucleo/stm32h5xx_nucleo.c.obj
 .data.ulCriticalNesting
                0x20000020        0x4 cmake/stm32cubemx/CMakeFiles/RTOS2.dir/__/__/Middlewares/Third_Party/FreeRTOS/Source/portable/GCC/ARM_CM33_NTZ/non_secure/port.c.obj
 *(.RamFunc)
 *(.RamFunc*)
                0x20000024                        . = ALIGN (0x4)

.igot.plt       0x20000024        0x0 load address 0x0800799c
 .igot.plt      0x20000024        0x0 /home/tomi/st/stm32cubeide_2.1.1/plugins/com.st.stm32cube.ide.mcu.externaltools.gnu-tools-for-stm32.14.3.rel1.linux64_1.0.100.202602081740/tools/bin/../lib/gcc/arm-none-eabi/14.3.1/thumb/v8-m.main+fp/hard/crtbegin.o

.tdata          0x20000024        0x0 load address 0x0800799c
 *(.tdata .tdata.* .gnu.linkonce.td.*)
                0x20000024                        . = ALIGN (0x4)
                0x20000024                        _edata = .
                [!provide]                        PROVIDE (__data_end = .)
                [!provide]                        PROVIDE (__tdata_end = .)
                [!provide]                        PROVIDE (__tdata_start = ADDR (.tdata))
                [!provide]                        PROVIDE (__tdata_size = (__tdata_end - __tdata_start))
                [!provide]                        PROVIDE (__data_start = ADDR (.data))
                [!provide]                        PROVIDE (__data_size = (__data_end - __data_start))
                [!provide]                        PROVIDE (__tdata_source = LOADADDR (.tdata))
                [!provide]                        PROVIDE (__tdata_source_end = (LOADADDR (.tdata) + SIZEOF (.tdata)))
                [!provide]                        PROVIDE (__tdata_source_size = (__tdata_source_end - __tdata_source))
                [!provide]                        PROVIDE (__data_source = LOADADDR (.data))
                [!provide]                        PROVIDE (__data_source_end = __tdata_source_end)
                [!provide]                        PROVIDE (__data_source_size = (__data_source_end - __data_source))

.tbss           0x20000024        0x0 load address 0x0800799c
                0x20000024                        _sbss = .
                0x20000024                        __bss_start__ = _sbss
 *(.tbss .tbss.*)
                0x20000024                        . = ALIGN (0x4)
                [!provide]                        PROVIDE (__tbss_end = .)
                [!provide]                        PROVIDE (__tbss_start = ADDR (.tbss))
                [!provide]                        PROVIDE (__tbss_size = (__tbss_end - __tbss_start))
                [!provide]                        PROVIDE (__tbss_offset = (ADDR (.tbss) - ADDR (.tdata)))
                [!provide]                        PROVIDE (__tls_base = __tdata_start)
                [!provide]                        PROVIDE (__tls_end = __tbss_end)
                [!provide]                        PROVIDE (__tls_size = (__tls_end - __tls_base))
                [!provide]                        PROVIDE (__tls_align = MAX (ALIGNOF (.tdata), ALIGNOF (.tbss)))
                [!provide]                        PROVIDE (__tls_size_align = (((__tls_size + __tls_align) - 0x1) & ~ ((__tls_align - 0x1))))
                [!provide]                        PROVIDE (__arm32_tls_tcb_offset = MAX (0x8, __tls_align))
                [!provide]                        PROVIDE (__arm64_tls_tcb_offset = MAX (0x10, __tls_align))

.bss            0x20000024     0x2c50 load address 0x0800799c
 *(.bss)
 .bss           0x20000024       0x1c /home/tomi/st/stm32cubeide_2.1.1/plugins/com.st.stm32cube.ide.mcu.externaltools.gnu-tools-for-stm32.14.3.rel1.linux64_1.0.100.202602081740/tools/bin/../lib/gcc/arm-none-eabi/14.3.1/thumb/v8-m.main+fp/hard/crtbegin.o
 *(.bss*)
 .bss.uwTick    0x20000040        0x4 cmake/stm32cubemx/CMakeFiles/STM32_Drivers.dir/__/__/Drivers/STM32H5xx_HAL_Driver/Src/stm32h5xx_hal.c.obj
                0x20000040                uwTick
 .bss.hpb_exti  0x20000044        0xc cmake/stm32cubemx/CMakeFiles/STM32_Drivers.dir/__/__/Drivers/BSP/STM32H5xx_Nucleo/stm32h5xx_nucleo.c.obj
                0x20000044                hpb_exti
 .bss.hcom_uart
                0x20000050       0x94 cmake/stm32cubemx/CMakeFiles/STM32_Drivers.dir/__/__/Drivers/BSP/STM32H5xx_Nucleo/stm32h5xx_nucleo.c.obj
                0x20000050                hcom_uart
 .bss.ucHeap    0x200000e4     0x2000 cmake/stm32cubemx/CMakeFiles/RTOS2.dir/__/__/Middlewares/Third_Party/FreeRTOS/Source/portable/MemMang/heap_1.c.obj
 .bss.xNextFreeByte
                0x200020e4        0x4 cmake/stm32cubemx/CMakeFiles/RTOS2.dir/__/__/Middlewares/Third_Party/FreeRTOS/Source/portable/MemMang/heap_1.c.obj
 .bss.pucAlignedHeap.0
                0x200020e8        0x4 cmake/stm32cubemx/CMakeFiles/RTOS2.dir/__/__/Middlewares/Third_Party/FreeRTOS/Source/portable/MemMang/heap_1.c.obj
 .bss.xQueueRegistry
                0x200020ec       0x40 cmake/stm32cubemx/CMakeFiles/RTOS2.dir/__/__/Middlewares/Third_Party/FreeRTOS/Source/queue.c.obj
                0x200020ec                xQueueRegistry
 .bss.pxCurrentTCB
                0x2000212c        0x4 cmake/stm32cubemx/CMakeFiles/RTOS2.dir/__/__/Middlewares/Third_Party/FreeRTOS/Source/tasks.c.obj
                0x2000212c                pxCurrentTCB
 .bss.pxReadyTasksLists
                0x20002130      0x460 cmake/stm32cubemx/CMakeFiles/RTOS2.dir/__/__/Middlewares/Third_Party/FreeRTOS/Source/tasks.c.obj
 .bss.xDelayedTaskList1
                0x20002590       0x14 cmake/stm32cubemx/CMakeFiles/RTOS2.dir/__/__/Middlewares/Third_Party/FreeRTOS/Source/tasks.c.obj
 .bss.xDelayedTaskList2
                0x200025a4       0x14 cmake/stm32cubemx/CMakeFiles/RTOS2.dir/__/__/Middlewares/Third_Party/FreeRTOS/Source/tasks.c.obj
 .bss.pxDelayedTaskList
                0x200025b8        0x4 cmake/stm32cubemx/CMakeFiles/RTOS2.dir/__/__/Middlewares/Third_Party/FreeRTOS/Source/tasks.c.obj
 .bss.pxOverflowDelayedTaskList
                0x200025bc        0x4 cmake/stm32cubemx/CMakeFiles/RTOS2.dir/__/__/Middlewares/Third_Party/FreeRTOS/Source/tasks.c.obj
 .bss.xPendingReadyList
                0x200025c0       0x14 cmake/stm32cubemx/CMakeFiles/RTOS2.dir/__/__/Middlewares/Third_Party/FreeRTOS/Source/tasks.c.obj
 .bss.xTasksWaitingTermination
                0x200025d4       0x14 cmake/stm32cubemx/CMakeFiles/RTOS2.dir/__/__/Middlewares/Third_Party/FreeRTOS/Source/tasks.c.obj
 .bss.uxDeletedTasksWaitingCleanUp
                0x200025e8        0x4 cmake/stm32cubemx/CMakeFiles/RTOS2.dir/__/__/Middlewares/Third_Party/FreeRTOS/Source/tasks.c.obj
 .bss.xSuspendedTaskList
                0x200025ec       0x14 cmake/stm32cubemx/CMakeFiles/RTOS2.dir/__/__/Middlewares/Third_Party/FreeRTOS/Source/tasks.c.obj
 .bss.uxCurrentNumberOfTasks
                0x20002600        0x4 cmake/stm32cubemx/CMakeFiles/RTOS2.dir/__/__/Middlewares/Third_Party/FreeRTOS/Source/tasks.c.obj
 .bss.xTickCount
                0x20002604        0x4 cmake/stm32cubemx/CMakeFiles/RTOS2.dir/__/__/Middlewares/Third_Party/FreeRTOS/Source/tasks.c.obj
 .bss.uxTopReadyPriority
                0x20002608        0x4 cmake/stm32cubemx/CMakeFiles/RTOS2.dir/__/__/Middlewares/Third_Party/FreeRTOS/Source/tasks.c.obj
 .bss.xSchedulerRunning
                0x2000260c        0x4 cmake/stm32cubemx/CMakeFiles/RTOS2.dir/__/__/Middlewares/Third_Party/FreeRTOS/Source/tasks.c.obj
 .bss.xPendedTicks
                0x20002610        0x4 cmake/stm32cubemx/CMakeFiles/RTOS2.dir/__/__/Middlewares/Third_Party/FreeRTOS/Source/tasks.c.obj
 .bss.xYieldPendings
                0x20002614        0x4 cmake/stm32cubemx/CMakeFiles/RTOS2.dir/__/__/Middlewares/Third_Party/FreeRTOS/Source/tasks.c.obj
 .bss.xNumOfOverflows
                0x20002618        0x4 cmake/stm32cubemx/CMakeFiles/RTOS2.dir/__/__/Middlewares/Third_Party/FreeRTOS/Source/tasks.c.obj
 .bss.uxTaskNumber
                0x2000261c        0x4 cmake/stm32cubemx/CMakeFiles/RTOS2.dir/__/__/Middlewares/Third_Party/FreeRTOS/Source/tasks.c.obj
 .bss.xNextTaskUnblockTime
                0x20002620        0x4 cmake/stm32cubemx/CMakeFiles/RTOS2.dir/__/__/Middlewares/Third_Party/FreeRTOS/Source/tasks.c.obj
 .bss.xIdleTaskHandles
                0x20002624        0x4 cmake/stm32cubemx/CMakeFiles/RTOS2.dir/__/__/Middlewares/Third_Party/FreeRTOS/Source/tasks.c.obj
 .bss.uxSchedulerSuspended
                0x20002628        0x4 cmake/stm32cubemx/CMakeFiles/RTOS2.dir/__/__/Middlewares/Third_Party/FreeRTOS/Source/tasks.c.obj
 .bss.xIdleTaskTCB.3
                0x2000262c       0x5c cmake/stm32cubemx/CMakeFiles/RTOS2.dir/__/__/Middlewares/Third_Party/FreeRTOS/Source/tasks.c.obj
 .bss.uxIdleTaskStack.2
                0x20002688      0x200 cmake/stm32cubemx/CMakeFiles/RTOS2.dir/__/__/Middlewares/Third_Party/FreeRTOS/Source/tasks.c.obj
 .bss.xTimerTaskTCB.1
                0x20002888       0x5c cmake/stm32cubemx/CMakeFiles/RTOS2.dir/__/__/Middlewares/Third_Party/FreeRTOS/Source/tasks.c.obj
 .bss.uxTimerTaskStack.0
                0x200028e4      0x200 cmake/stm32cubemx/CMakeFiles/RTOS2.dir/__/__/Middlewares/Third_Party/FreeRTOS/Source/tasks.c.obj
 .bss.xActiveTimerList1
                0x20002ae4       0x14 cmake/stm32cubemx/CMakeFiles/RTOS2.dir/__/__/Middlewares/Third_Party/FreeRTOS/Source/timers.c.obj
 .bss.xActiveTimerList2
                0x20002af8       0x14 cmake/stm32cubemx/CMakeFiles/RTOS2.dir/__/__/Middlewares/Third_Party/FreeRTOS/Source/timers.c.obj
 .bss.pxCurrentTimerList
                0x20002b0c        0x4 cmake/stm32cubemx/CMakeFiles/RTOS2.dir/__/__/Middlewares/Third_Party/FreeRTOS/Source/timers.c.obj
 .bss.pxOverflowTimerList
                0x20002b10        0x4 cmake/stm32cubemx/CMakeFiles/RTOS2.dir/__/__/Middlewares/Third_Party/FreeRTOS/Source/timers.c.obj
 .bss.xTimerQueue
                0x20002b14        0x4 cmake/stm32cubemx/CMakeFiles/RTOS2.dir/__/__/Middlewares/Third_Party/FreeRTOS/Source/timers.c.obj
 .bss.xTimerTaskHandle
                0x20002b18        0x4 cmake/stm32cubemx/CMakeFiles/RTOS2.dir/__/__/Middlewares/Third_Party/FreeRTOS/Source/timers.c.obj
 .bss.xLastTime.2
                0x20002b1c        0x4 cmake/stm32cubemx/CMakeFiles/RTOS2.dir/__/__/Middlewares/Third_Party/FreeRTOS/Source/timers.c.obj
 .bss.ucStaticTimerQueueStorage.1
                0x20002b20       0xa0 cmake/stm32cubemx/CMakeFiles/RTOS2.dir/__/__/Middlewares/Third_Party/FreeRTOS/Source/timers.c.obj
 .bss.xStaticTimerQueue.0
                0x20002bc0       0x50 cmake/stm32cubemx/CMakeFiles/RTOS2.dir/__/__/Middlewares/Third_Party/FreeRTOS/Source/timers.c.obj
 .bss.ucMaxSysCallPriority
                0x20002c10        0x1 cmake/stm32cubemx/CMakeFiles/RTOS2.dir/__/__/Middlewares/Third_Party/FreeRTOS/Source/portable/GCC/ARM_CM33_NTZ/non_secure/port.c.obj
 *fill*         0x20002c11        0x3 
 .bss.ulMaxPRIGROUPValue
                0x20002c14        0x4 cmake/stm32cubemx/CMakeFiles/RTOS2.dir/__/__/Middlewares/Third_Party/FreeRTOS/Source/portable/GCC/ARM_CM33_NTZ/non_secure/port.c.obj
 .bss.BspCOMInit
                0x20002c18       0x10 CMakeFiles/str.dir/Core/Src/main.c.obj
                0x20002c18                BspCOMInit
 .bss.htim1     0x20002c28       0x4c CMakeFiles/str.dir/Core/Src/stm32h5xx_hal_timebase_tim.c.obj
                0x20002c28                htim1
 *(COMMON)
                0x20002c74                        . = ALIGN (0x4)
                0x20002c74                        _ebss = .
                0x20002c74                        __bss_end__ = _ebss
                [!provide]                        PROVIDE (__bss_end = .)
                [!provide]                        PROVIDE (__non_tls_bss_start = ADDR (.bss))
                [!provide]                        PROVIDE (__bss_start = __tbss_start)
                [!provide]                        PROVIDE (__bss_size = (__bss_end - __bss_start))

._user_heap_stack
                0x20002c74      0x604 load address 0x0800799c
                0x20002c78                        . = ALIGN (0x8)
 *fill*         0x20002c74        0x4 
                [!provide]                        PROVIDE (end = .)
                0x20002c78                        PROVIDE (_end = .)
                0x20002e78                        . = (. + _Min_Heap_Size)
 *fill*         0x20002c78      0x200 
                0x20003278                        . = (. + _Min_Stack_Size)
 *fill*         0x20002e78      0x400 
                0x20003278                        . = ALIGN (0x8)

/DISCARD/
 libc.a:*(*)
 libm.a:*(*)
 libgcc.a:*(*)

.ARM.attributes
                0x00000000       0x36
 *(.ARM.attributes)
 .ARM.attributes
                0x00000000       0x26 /home/tomi/st/stm32cubeide_2.1.1/plugins/com.st.stm32cube.ide.mcu.externaltools.gnu-tools-for-stm32.14.3.rel1.linux64_1.0.100.202602081740/tools/bin/../lib/gcc/arm-none-eabi/14.3.1/thumb/v8-m.main+fp/hard/crti.o
 .ARM.attributes
                0x00000026       0x38 /home/tomi/st/stm32cubeide_2.1.1/plugins/com.st.stm32cube.ide.mcu.externaltools.gnu-tools-for-stm32.14.3.rel1.linux64_1.0.100.202602081740/tools/bin/../lib/gcc/arm-none-eabi/14.3.1/thumb/v8-m.main+fp/hard/crtbegin.o
 .ARM.attributes
                0x0000005e       0x3a cmake/stm32cubemx/CMakeFiles/STM32_Drivers.dir/__/__/Core/Src/system_stm32h5xx.c.obj
 .ARM.attributes
                0x00000098       0x3a cmake/stm32cubemx/CMakeFiles/STM32_Drivers.dir/__/__/Drivers/STM32H5xx_HAL_Driver/Src/stm32h5xx_hal_tim.c.obj
 .ARM.attributes
                0x000000d2       0x3a cmake/stm32cubemx/CMakeFiles/STM32_Drivers.dir/__/__/Drivers/STM32H5xx_HAL_Driver/Src/stm32h5xx_hal_tim_ex.c.obj
 .ARM.attributes
                0x0000010c       0x3a cmake/stm32cubemx/CMakeFiles/STM32_Drivers.dir/__/__/Drivers/STM32H5xx_HAL_Driver/Src/stm32h5xx_hal_cortex.c.obj
 .ARM.attributes
                0x00000146       0x3a cmake/stm32cubemx/CMakeFiles/STM32_Drivers.dir/__/__/Drivers/STM32H5xx_HAL_Driver/Src/stm32h5xx_hal_rcc.c.obj
 .ARM.attributes
                0x00000180       0x3a cmake/stm32cubemx/CMakeFiles/STM32_Drivers.dir/__/__/Drivers/STM32H5xx_HAL_Driver/Src/stm32h5xx_hal_rcc_ex.c.obj
 .ARM.attributes
                0x000001ba       0x3a cmake/stm32cubemx/CMakeFiles/STM32_Drivers.dir/__/__/Drivers/STM32H5xx_HAL_Driver/Src/stm32h5xx_hal_gpio.c.obj
 .ARM.attributes
                0x000001f4       0x3a cmake/stm32cubemx/CMakeFiles/STM32_Drivers.dir/__/__/Drivers/STM32H5xx_HAL_Driver/Src/stm32h5xx_hal.c.obj
 .ARM.attributes
                0x0000022e       0x3a cmake/stm32cubemx/CMakeFiles/STM32_Drivers.dir/__/__/Drivers/STM32H5xx_HAL_Driver/Src/stm32h5xx_hal_exti.c.obj
 .ARM.attributes
                0x00000268       0x3a cmake/stm32cubemx/CMakeFiles/STM32_Drivers.dir/__/__/Drivers/STM32H5xx_HAL_Driver/Src/stm32h5xx_hal_icache.c.obj
 .ARM.attributes
                0x000002a2       0x3a cmake/stm32cubemx/CMakeFiles/STM32_Drivers.dir/__/__/Drivers/STM32H5xx_HAL_Driver/Src/stm32h5xx_hal_uart.c.obj
 .ARM.attributes
                0x000002dc       0x3a cmake/stm32cubemx/CMakeFiles/STM32_Drivers.dir/__/__/Drivers/BSP/STM32H5xx_Nucleo/stm32h5xx_nucleo.c.obj
 .ARM.attributes
                0x00000316       0x3a cmake/stm32cubemx/CMakeFiles/RTOS2.dir/__/__/Middlewares/Third_Party/FreeRTOS/Source/portable/MemMang/heap_1.c.obj
 .ARM.attributes
                0x00000350       0x3a cmake/stm32cubemx/CMakeFiles/RTOS2.dir/__/__/Middlewares/Third_Party/FreeRTOS/Source/list.c.obj
 .ARM.attributes
                0x0000038a       0x3a cmake/stm32cubemx/CMakeFiles/RTOS2.dir/__/__/Middlewares/Third_Party/FreeRTOS/Source/queue.c.obj
 .ARM.attributes
                0x000003c4       0x3a cmake/stm32cubemx/CMakeFiles/RTOS2.dir/__/__/Middlewares/Third_Party/FreeRTOS/Source/tasks.c.obj
 .ARM.attributes
                0x000003fe       0x3a cmake/stm32cubemx/CMakeFiles/RTOS2.dir/__/__/Middlewares/Third_Party/FreeRTOS/Source/timers.c.obj
 .ARM.attributes
                0x00000438       0x3a cmake/stm32cubemx/CMakeFiles/RTOS2.dir/__/__/Middlewares/Third_Party/FreeRTOS/Source/portable/GCC/ARM_CM33_NTZ/non_secure/port.c.obj
 .ARM.attributes
                0x00000472       0x3a cmake/stm32cubemx/CMakeFiles/RTOS2.dir/__/__/Middlewares/Third_Party/FreeRTOS/Source/portable/GCC/ARM_CM33_NTZ/non_secure/portasm.c.obj
 .ARM.attributes
                0x000004ac       0x3a cmake/stm32cubemx/CMakeFiles/RTOS2.dir/__/__/Middlewares/Third_Party/FreeRTOS/Source/CMSIS_RTOS_V2/cmsis_os2.c.obj
 .ARM.attributes
                0x000004e6       0x3a CMakeFiles/str.dir/Core/Src/main.c.obj
 .ARM.attributes
                0x00000520       0x3a CMakeFiles/str.dir/Core/Src/gpio.c.obj
 .ARM.attributes
                0x0000055a       0x3a CMakeFiles/str.dir/Core/Src/icache.c.obj
 .ARM.attributes
                0x00000594       0x3a CMakeFiles/str.dir/Core/Src/stm32h5xx_it.c.obj
 .ARM.attributes
                0x000005ce       0x3a CMakeFiles/str.dir/Core/Src/stm32h5xx_hal_msp.c.obj
 .ARM.attributes
                0x00000608       0x3a CMakeFiles/str.dir/Core/Src/stm32h5xx_hal_timebase_tim.c.obj
 .ARM.attributes
                0x00000642       0x24 CMakeFiles/str.dir/startup_stm32h533xx.s.obj
 .ARM.attributes
                0x00000666       0x3a CMakeFiles/str.dir/App/Src/my_main.c.obj
 .ARM.attributes
                0x000006a0       0x26 /home/tomi/st/stm32cubeide_2.1.1/plugins/com.st.stm32cube.ide.mcu.externaltools.gnu-tools-for-stm32.14.3.rel1.linux64_1.0.100.202602081740/tools/bin/../lib/gcc/arm-none-eabi/14.3.1/thumb/v8-m.main+fp/hard/libgcc.a(_aeabi_uldivmod.o)
 .ARM.attributes
                0x000006c6       0x38 /home/tomi/st/stm32cubeide_2.1.1/plugins/com.st.stm32cube.ide.mcu.externaltools.gnu-tools-for-stm32.14.3.rel1.linux64_1.0.100.202602081740/tools/bin/../lib/gcc/arm-none-eabi/14.3.1/thumb/v8-m.main+fp/hard/libgcc.a(_udivmoddi4.o)
 .ARM.attributes
                0x000006fe       0x26 /home/tomi/st/stm32cubeide_2.1.1/plugins/com.st.stm32cube.ide.mcu.externaltools.gnu-tools-for-stm32.14.3.rel1.linux64_1.0.100.202602081740/tools/bin/../lib/gcc/arm-none-eabi/14.3.1/thumb/v8-m.main+fp/hard/libgcc.a(_dvmd_tls.o)
 .ARM.attributes
                0x00000724       0x38 /home/tomi/st/stm32cubeide_2.1.1/plugins/com.st.stm32cube.ide.mcu.externaltools.gnu-tools-for-stm32.14.3.rel1.linux64_1.0.100.202602081740/tools/bin/../lib/gcc/arm-none-eabi/14.3.1/../../../../arm-none-eabi/lib/thumb/v8-m.main+fp/hard/libg_nano.a(libc_a-memset.o)
 .ARM.attributes
                0x0000075c       0x38 /home/tomi/st/stm32cubeide_2.1.1/plugins/com.st.stm32cube.ide.mcu.externaltools.gnu-tools-for-stm32.14.3.rel1.linux64_1.0.100.202602081740/tools/bin/../lib/gcc/arm-none-eabi/14.3.1/../../../../arm-none-eabi/lib/thumb/v8-m.main+fp/hard/libg_nano.a(libc_a-init.o)
 .ARM.attributes
                0x00000794       0x38 /home/tomi/st/stm32cubeide_2.1.1/plugins/com.st.stm32cube.ide.mcu.externaltools.gnu-tools-for-stm32.14.3.rel1.linux64_1.0.100.202602081740/tools/bin/../lib/gcc/arm-none-eabi/14.3.1/../../../../arm-none-eabi/lib/thumb/v8-m.main+fp/hard/libg_nano.a(libc_a-memcpy-stub.o)
 .ARM.attributes
                0x000007cc       0x26 /home/tomi/st/stm32cubeide_2.1.1/plugins/com.st.stm32cube.ide.mcu.externaltools.gnu-tools-for-stm32.14.3.rel1.linux64_1.0.100.202602081740/tools/bin/../lib/gcc/arm-none-eabi/14.3.1/thumb/v8-m.main+fp/hard/crtn.o
OUTPUT(str.elf elf32-littlearm)
LOAD linker stubs

.debug_info     0x00000000    0x1da1e
 .debug_info    0x00000000      0xce0 cmake/stm32cubemx/CMakeFiles/STM32_Drivers.dir/__/__/Core/Src/system_stm32h5xx.c.obj
 .debug_info    0x00000ce0     0x2e71 cmake/stm32cubemx/CMakeFiles/STM32_Drivers.dir/__/__/Drivers/STM32H5xx_HAL_Driver/Src/stm32h5xx_hal_tim.c.obj
 .debug_info    0x00003b51     0x1eaa cmake/stm32cubemx/CMakeFiles/STM32_Drivers.dir/__/__/Drivers/STM32H5xx_HAL_Driver/Src/stm32h5xx_hal_tim_ex.c.obj
 .debug_info    0x000059fb     0x15df cmake/stm32cubemx/CMakeFiles/STM32_Drivers.dir/__/__/Drivers/STM32H5xx_HAL_Driver/Src/stm32h5xx_hal_cortex.c.obj
 .debug_info    0x00006fda     0x1009 cmake/stm32cubemx/CMakeFiles/STM32_Drivers.dir/__/__/Drivers/STM32H5xx_HAL_Driver/Src/stm32h5xx_hal_rcc.c.obj
 .debug_info    0x00007fe3     0x1204 cmake/stm32cubemx/CMakeFiles/STM32_Drivers.dir/__/__/Drivers/STM32H5xx_HAL_Driver/Src/stm32h5xx_hal_rcc_ex.c.obj
 .debug_info    0x000091e7      0x6b6 cmake/stm32cubemx/CMakeFiles/STM32_Drivers.dir/__/__/Drivers/STM32H5xx_HAL_Driver/Src/stm32h5xx_hal_gpio.c.obj
 .debug_info    0x0000989d     0x1302 cmake/stm32cubemx/CMakeFiles/STM32_Drivers.dir/__/__/Drivers/STM32H5xx_HAL_Driver/Src/stm32h5xx_hal.c.obj
 .debug_info    0x0000ab9f      0x7d8 cmake/stm32cubemx/CMakeFiles/STM32_Drivers.dir/__/__/Drivers/STM32H5xx_HAL_Driver/Src/stm32h5xx_hal_exti.c.obj
 .debug_info    0x0000b377      0x4d6 cmake/stm32cubemx/CMakeFiles/STM32_Drivers.dir/__/__/Drivers/STM32H5xx_HAL_Driver/Src/stm32h5xx_hal_icache.c.obj
 .debug_info    0x0000b84d     0x4066 cmake/stm32cubemx/CMakeFiles/STM32_Drivers.dir/__/__/Drivers/STM32H5xx_HAL_Driver/Src/stm32h5xx_hal_uart.c.obj
 .debug_info    0x0000f8b3     0x1ad2 cmake/stm32cubemx/CMakeFiles/STM32_Drivers.dir/__/__/Drivers/BSP/STM32H5xx_Nucleo/stm32h5xx_nucleo.c.obj
 .debug_info    0x00011385      0x1dc cmake/stm32cubemx/CMakeFiles/RTOS2.dir/__/__/Middlewares/Third_Party/FreeRTOS/Source/portable/MemMang/heap_1.c.obj
 .debug_info    0x00011561      0x2aa cmake/stm32cubemx/CMakeFiles/RTOS2.dir/__/__/Middlewares/Third_Party/FreeRTOS/Source/list.c.obj
 .debug_info    0x0001180b     0x16ac cmake/stm32cubemx/CMakeFiles/RTOS2.dir/__/__/Middlewares/Third_Party/FreeRTOS/Source/queue.c.obj
 .debug_info    0x00012eb7     0x256e cmake/stm32cubemx/CMakeFiles/RTOS2.dir/__/__/Middlewares/Third_Party/FreeRTOS/Source/tasks.c.obj
 .debug_info    0x00015425     0x13c9 cmake/stm32cubemx/CMakeFiles/RTOS2.dir/__/__/Middlewares/Third_Party/FreeRTOS/Source/timers.c.obj
 .debug_info    0x000167ee      0x3e8 cmake/stm32cubemx/CMakeFiles/RTOS2.dir/__/__/Middlewares/Third_Party/FreeRTOS/Source/portable/GCC/ARM_CM33_NTZ/non_secure/port.c.obj
 .debug_info    0x00016bd6      0x151 cmake/stm32cubemx/CMakeFiles/RTOS2.dir/__/__/Middlewares/Third_Party/FreeRTOS/Source/portable/GCC/ARM_CM33_NTZ/non_secure/portasm.c.obj
 .debug_info    0x00016d27     0x2e5a cmake/stm32cubemx/CMakeFiles/RTOS2.dir/__/__/Middlewares/Third_Party/FreeRTOS/Source/CMSIS_RTOS_V2/cmsis_os2.c.obj
 .debug_info    0x00019b81     0x1438 CMakeFiles/str.dir/Core/Src/main.c.obj
 .debug_info    0x0001afb9      0x58c CMakeFiles/str.dir/Core/Src/gpio.c.obj
 .debug_info    0x0001b545      0x114 CMakeFiles/str.dir/Core/Src/icache.c.obj
 .debug_info    0x0001b659      0x98b CMakeFiles/str.dir/Core/Src/stm32h5xx_it.c.obj
 .debug_info    0x0001bfe4      0x3b9 CMakeFiles/str.dir/Core/Src/stm32h5xx_hal_msp.c.obj
 .debug_info    0x0001c39d     0x111c CMakeFiles/str.dir/Core/Src/stm32h5xx_hal_timebase_tim.c.obj
 .debug_info    0x0001d4b9       0x30 CMakeFiles/str.dir/startup_stm32h533xx.s.obj
 .debug_info    0x0001d4e9      0x229 CMakeFiles/str.dir/App/Src/my_main.c.obj
 .debug_info    0x0001d712       0xe0 /home/tomi/st/stm32cubeide_2.1.1/plugins/com.st.stm32cube.ide.mcu.externaltools.gnu-tools-for-stm32.14.3.rel1.linux64_1.0.100.202602081740/tools/bin/../lib/gcc/arm-none-eabi/14.3.1/../../../../arm-none-eabi/lib/thumb/v8-m.main+fp/hard/libg_nano.a(libc_a-memset.o)
 .debug_info    0x0001d7f2      0x10b /home/tomi/st/stm32cubeide_2.1.1/plugins/com.st.stm32cube.ide.mcu.externaltools.gnu-tools-for-stm32.14.3.rel1.linux64_1.0.100.202602081740/tools/bin/../lib/gcc/arm-none-eabi/14.3.1/../../../../arm-none-eabi/lib/thumb/v8-m.main+fp/hard/libg_nano.a(libc_a-init.o)
 .debug_info    0x0001d8fd      0x121 /home/tomi/st/stm32cubeide_2.1.1/plugins/com.st.stm32cube.ide.mcu.externaltools.gnu-tools-for-stm32.14.3.rel1.linux64_1.0.100.202602081740/tools/bin/../lib/gcc/arm-none-eabi/14.3.1/../../../../arm-none-eabi/lib/thumb/v8-m.main+fp/hard/libg_nano.a(libc_a-memcpy-stub.o)

.debug_abbrev   0x00000000     0x3cb6
 .debug_abbrev  0x00000000      0x13a cmake/stm32cubemx/CMakeFiles/STM32_Drivers.dir/__/__/Core/Src/system_stm32h5xx.c.obj
 .debug_abbrev  0x0000013a      0x2c4 cmake/stm32cubemx/CMakeFiles/STM32_Drivers.dir/__/__/Drivers/STM32H5xx_HAL_Driver/Src/stm32h5xx_hal_tim.c.obj
 .debug_abbrev  0x000003fe      0x2c7 cmake/stm32cubemx/CMakeFiles/STM32_Drivers.dir/__/__/Drivers/STM32H5xx_HAL_Driver/Src/stm32h5xx_hal_tim_ex.c.obj
 .debug_abbrev  0x000006c5      0x327 cmake/stm32cubemx/CMakeFiles/STM32_Drivers.dir/__/__/Drivers/STM32H5xx_HAL_Driver/Src/stm32h5xx_hal_cortex.c.obj
 .debug_abbrev  0x000009ec      0x290 cmake/stm32cubemx/CMakeFiles/STM32_Drivers.dir/__/__/Drivers/STM32H5xx_HAL_Driver/Src/stm32h5xx_hal_rcc.c.obj
 .debug_abbrev  0x00000c7c      0x25c cmake/stm32cubemx/CMakeFiles/STM32_Drivers.dir/__/__/Drivers/STM32H5xx_HAL_Driver/Src/stm32h5xx_hal_rcc_ex.c.obj
 .debug_abbrev  0x00000ed8      0x1db cmake/stm32cubemx/CMakeFiles/STM32_Drivers.dir/__/__/Drivers/STM32H5xx_HAL_Driver/Src/stm32h5xx_hal_gpio.c.obj
 .debug_abbrev  0x000010b3      0x2af cmake/stm32cubemx/CMakeFiles/STM32_Drivers.dir/__/__/Drivers/STM32H5xx_HAL_Driver/Src/stm32h5xx_hal.c.obj
 .debug_abbrev  0x00001362      0x19a cmake/stm32cubemx/CMakeFiles/STM32_Drivers.dir/__/__/Drivers/STM32H5xx_HAL_Driver/Src/stm32h5xx_hal_exti.c.obj
 .debug_abbrev  0x000014fc      0x228 cmake/stm32cubemx/CMakeFiles/STM32_Drivers.dir/__/__/Drivers/STM32H5xx_HAL_Driver/Src/stm32h5xx_hal_icache.c.obj
 .debug_abbrev  0x00001724      0x305 cmake/stm32cubemx/CMakeFiles/STM32_Drivers.dir/__/__/Drivers/STM32H5xx_HAL_Driver/Src/stm32h5xx_hal_uart.c.obj
 .debug_abbrev  0x00001a29      0x330 cmake/stm32cubemx/CMakeFiles/STM32_Drivers.dir/__/__/Drivers/BSP/STM32H5xx_Nucleo/stm32h5xx_nucleo.c.obj
 .debug_abbrev  0x00001d59      0x143 cmake/stm32cubemx/CMakeFiles/RTOS2.dir/__/__/Middlewares/Third_Party/FreeRTOS/Source/portable/MemMang/heap_1.c.obj
 .debug_abbrev  0x00001e9c       0xee cmake/stm32cubemx/CMakeFiles/RTOS2.dir/__/__/Middlewares/Third_Party/FreeRTOS/Source/list.c.obj
 .debug_abbrev  0x00001f8a      0x324 cmake/stm32cubemx/CMakeFiles/RTOS2.dir/__/__/Middlewares/Third_Party/FreeRTOS/Source/queue.c.obj
 .debug_abbrev  0x000022ae      0x329 cmake/stm32cubemx/CMakeFiles/RTOS2.dir/__/__/Middlewares/Third_Party/FreeRTOS/Source/tasks.c.obj
 .debug_abbrev  0x000025d7      0x33f cmake/stm32cubemx/CMakeFiles/RTOS2.dir/__/__/Middlewares/Third_Party/FreeRTOS/Source/timers.c.obj
 .debug_abbrev  0x00002916      0x1c8 cmake/stm32cubemx/CMakeFiles/RTOS2.dir/__/__/Middlewares/Third_Party/FreeRTOS/Source/portable/GCC/ARM_CM33_NTZ/non_secure/port.c.obj
 .debug_abbrev  0x00002ade       0xb8 cmake/stm32cubemx/CMakeFiles/RTOS2.dir/__/__/Middlewares/Third_Party/FreeRTOS/Source/portable/GCC/ARM_CM33_NTZ/non_secure/portasm.c.obj
 .debug_abbrev  0x00002b96      0x47e cmake/stm32cubemx/CMakeFiles/RTOS2.dir/__/__/Middlewares/Third_Party/FreeRTOS/Source/CMSIS_RTOS_V2/cmsis_os2.c.obj
 .debug_abbrev  0x00003014      0x2cc CMakeFiles/str.dir/Core/Src/main.c.obj
 .debug_abbrev  0x000032e0      0x15b CMakeFiles/str.dir/Core/Src/gpio.c.obj
 .debug_abbrev  0x0000343b       0xb6 CMakeFiles/str.dir/Core/Src/icache.c.obj
 .debug_abbrev  0x000034f1      0x1b1 CMakeFiles/str.dir/Core/Src/stm32h5xx_it.c.obj
 .debug_abbrev  0x000036a2       0x95 CMakeFiles/str.dir/Core/Src/stm32h5xx_hal_msp.c.obj
 .debug_abbrev  0x00003737      0x229 CMakeFiles/str.dir/Core/Src/stm32h5xx_hal_timebase_tim.c.obj
 .debug_abbrev  0x00003960       0x24 CMakeFiles/str.dir/startup_stm32h533xx.s.obj
 .debug_abbrev  0x00003984      0x10a CMakeFiles/str.dir/App/Src/my_main.c.obj
 .debug_abbrev  0x00003a8e       0x9e /home/tomi/st/stm32cubeide_2.1.1/plugins/com.st.stm32cube.ide.mcu.externaltools.gnu-tools-for-stm32.14.3.rel1.linux64_1.0.100.202602081740/tools/bin/../lib/gcc/arm-none-eabi/14.3.1/../../../../arm-none-eabi/lib/thumb/v8-m.main+fp/hard/libg_nano.a(libc_a-memset.o)
 .debug_abbrev  0x00003b2c       0xc9 /home/tomi/st/stm32cubeide_2.1.1/plugins/com.st.stm32cube.ide.mcu.externaltools.gnu-tools-for-stm32.14.3.rel1.linux64_1.0.100.202602081740/tools/bin/../lib/gcc/arm-none-eabi/14.3.1/../../../../arm-none-eabi/lib/thumb/v8-m.main+fp/hard/libg_nano.a(libc_a-init.o)
 .debug_abbrev  0x00003bf5       0xc1 /home/tomi/st/stm32cubeide_2.1.1/plugins/com.st.stm32cube.ide.mcu.externaltools.gnu-tools-for-stm32.14.3.rel1.linux64_1.0.100.202602081740/tools/bin/../lib/gcc/arm-none-eabi/14.3.1/../../../../arm-none-eabi/lib/thumb/v8-m.main+fp/hard/libg_nano.a(libc_a-memcpy-stub.o)

.debug_aranges  0x00000000     0x1a80
 .debug_aranges
                0x00000000       0x28 cmake/stm32cubemx/CMakeFiles/STM32_Drivers.dir/__/__/Core/Src/system_stm32h5xx.c.obj
 .debug_aranges
                0x00000028      0x3e8 cmake/stm32cubemx/CMakeFiles/STM32_Drivers.dir/__/__/Drivers/STM32H5xx_HAL_Driver/Src/stm32h5xx_hal_tim.c.obj
 .debug_aranges
                0x00000410      0x240 cmake/stm32cubemx/CMakeFiles/STM32_Drivers.dir/__/__/Drivers/STM32H5xx_HAL_Driver/Src/stm32h5xx_hal_tim_ex.c.obj
 .debug_aranges
                0x00000650      0x140 cmake/stm32cubemx/CMakeFiles/STM32_Drivers.dir/__/__/Drivers/STM32H5xx_HAL_Driver/Src/stm32h5xx_hal_cortex.c.obj
 .debug_aranges
                0x00000790       0xa0 cmake/stm32cubemx/CMakeFiles/STM32_Drivers.dir/__/__/Drivers/STM32H5xx_HAL_Driver/Src/stm32h5xx_hal_rcc.c.obj
 .debug_aranges
                0x00000830      0x108 cmake/stm32cubemx/CMakeFiles/STM32_Drivers.dir/__/__/Drivers/STM32H5xx_HAL_Driver/Src/stm32h5xx_hal_rcc_ex.c.obj
 .debug_aranges
                0x00000938       0x78 cmake/stm32cubemx/CMakeFiles/STM32_Drivers.dir/__/__/Drivers/STM32H5xx_HAL_Driver/Src/stm32h5xx_hal_gpio.c.obj
 .debug_aranges
                0x000009b0      0x1f8 cmake/stm32cubemx/CMakeFiles/STM32_Drivers.dir/__/__/Drivers/STM32H5xx_HAL_Driver/Src/stm32h5xx_hal.c.obj
 .debug_aranges
                0x00000ba8       0x70 cmake/stm32cubemx/CMakeFiles/STM32_Drivers.dir/__/__/Drivers/STM32H5xx_HAL_Driver/Src/stm32h5xx_hal_exti.c.obj
 .debug_aranges
                0x00000c18       0xa8 cmake/stm32cubemx/CMakeFiles/STM32_Drivers.dir/__/__/Drivers/STM32H5xx_HAL_Driver/Src/stm32h5xx_hal_icache.c.obj
 .debug_aranges
                0x00000cc0      0x248 cmake/stm32cubemx/CMakeFiles/STM32_Drivers.dir/__/__/Drivers/STM32H5xx_HAL_Driver/Src/stm32h5xx_hal_uart.c.obj
 .debug_aranges
                0x00000f08       0xc8 cmake/stm32cubemx/CMakeFiles/STM32_Drivers.dir/__/__/Drivers/BSP/STM32H5xx_Nucleo/stm32h5xx_nucleo.c.obj
 .debug_aranges
                0x00000fd0       0x40 cmake/stm32cubemx/CMakeFiles/RTOS2.dir/__/__/Middlewares/Third_Party/FreeRTOS/Source/portable/MemMang/heap_1.c.obj
 .debug_aranges
                0x00001010       0x40 cmake/stm32cubemx/CMakeFiles/RTOS2.dir/__/__/Middlewares/Third_Party/FreeRTOS/Source/list.c.obj
 .debug_aranges
                0x00001050      0x170 cmake/stm32cubemx/CMakeFiles/RTOS2.dir/__/__/Middlewares/Third_Party/FreeRTOS/Source/queue.c.obj
 .debug_aranges
                0x000011c0      0x260 cmake/stm32cubemx/CMakeFiles/RTOS2.dir/__/__/Middlewares/Third_Party/FreeRTOS/Source/tasks.c.obj
 .debug_aranges
                0x00001420      0x118 cmake/stm32cubemx/CMakeFiles/RTOS2.dir/__/__/Middlewares/Third_Party/FreeRTOS/Source/timers.c.obj
 .debug_aranges
                0x00001538       0x78 cmake/stm32cubemx/CMakeFiles/RTOS2.dir/__/__/Middlewares/Third_Party/FreeRTOS/Source/portable/GCC/ARM_CM33_NTZ/non_secure/port.c.obj
 .debug_aranges
                0x000015b0       0x60 cmake/stm32cubemx/CMakeFiles/RTOS2.dir/__/__/Middlewares/Third_Party/FreeRTOS/Source/portable/GCC/ARM_CM33_NTZ/non_secure/portasm.c.obj
 .debug_aranges
                0x00001610      0x298 cmake/stm32cubemx/CMakeFiles/RTOS2.dir/__/__/Middlewares/Third_Party/FreeRTOS/Source/CMSIS_RTOS_V2/cmsis_os2.c.obj
 .debug_aranges
                0x000018a8       0x40 CMakeFiles/str.dir/Core/Src/main.c.obj
 .debug_aranges
                0x000018e8       0x20 CMakeFiles/str.dir/Core/Src/gpio.c.obj
 .debug_aranges
                0x00001908       0x20 CMakeFiles/str.dir/Core/Src/icache.c.obj
 .debug_aranges
                0x00001928       0x58 CMakeFiles/str.dir/Core/Src/stm32h5xx_it.c.obj
 .debug_aranges
                0x00001980       0x20 CMakeFiles/str.dir/Core/Src/stm32h5xx_hal_msp.c.obj
 .debug_aranges
                0x000019a0       0x30 CMakeFiles/str.dir/Core/Src/stm32h5xx_hal_timebase_tim.c.obj
 .debug_aranges
                0x000019d0       0x28 CMakeFiles/str.dir/startup_stm32h533xx.s.obj
 .debug_aranges
                0x000019f8       0x28 CMakeFiles/str.dir/App/Src/my_main.c.obj
 .debug_aranges
                0x00001a20       0x20 /home/tomi/st/stm32cubeide_2.1.1/plugins/com.st.stm32cube.ide.mcu.externaltools.gnu-tools-for-stm32.14.3.rel1.linux64_1.0.100.202602081740/tools/bin/../lib/gcc/arm-none-eabi/14.3.1/../../../../arm-none-eabi/lib/thumb/v8-m.main+fp/hard/libg_nano.a(libc_a-memset.o)
 .debug_aranges
                0x00001a40       0x20 /home/tomi/st/stm32cubeide_2.1.1/plugins/com.st.stm32cube.ide.mcu.externaltools.gnu-tools-for-stm32.14.3.rel1.linux64_1.0.100.202602081740/tools/bin/../lib/gcc/arm-none-eabi/14.3.1/../../../../arm-none-eabi/lib/thumb/v8-m.main+fp/hard/libg_nano.a(libc_a-init.o)
 .debug_aranges
                0x00001a60       0x20 /home/tomi/st/stm32cubeide_2.1.1/plugins/com.st.stm32cube.ide.mcu.externaltools.gnu-tools-for-stm32.14.3.rel1.linux64_1.0.100.202602081740/tools/bin/../lib/gcc/arm-none-eabi/14.3.1/../../../../arm-none-eabi/lib/thumb/v8-m.main+fp/hard/libg_nano.a(libc_a-memcpy-stub.o)

.debug_rnglists
                0x00000000     0x1472
 .debug_rnglists
                0x00000000       0x1b cmake/stm32cubemx/CMakeFiles/STM32_Drivers.dir/__/__/Core/Src/system_stm32h5xx.c.obj
 .debug_rnglists
                0x0000001b      0x32e cmake/stm32cubemx/CMakeFiles/STM32_Drivers.dir/__/__/Drivers/STM32H5xx_HAL_Driver/Src/stm32h5xx_hal_tim.c.obj
 .debug_rnglists
                0x00000349      0x1cb cmake/stm32cubemx/CMakeFiles/STM32_Drivers.dir/__/__/Drivers/STM32H5xx_HAL_Driver/Src/stm32h5xx_hal_tim_ex.c.obj
 .debug_rnglists
                0x00000514       0xec cmake/stm32cubemx/CMakeFiles/STM32_Drivers.dir/__/__/Drivers/STM32H5xx_HAL_Driver/Src/stm32h5xx_hal_cortex.c.obj
 .debug_rnglists
                0x00000600       0x79 cmake/stm32cubemx/CMakeFiles/STM32_Drivers.dir/__/__/Drivers/STM32H5xx_HAL_Driver/Src/stm32h5xx_hal_rcc.c.obj
 .debug_rnglists
                0x00000679       0xcf cmake/stm32cubemx/CMakeFiles/STM32_Drivers.dir/__/__/Drivers/STM32H5xx_HAL_Driver/Src/stm32h5xx_hal_rcc_ex.c.obj
 .debug_rnglists
                0x00000748       0x57 cmake/stm32cubemx/CMakeFiles/STM32_Drivers.dir/__/__/Drivers/STM32H5xx_HAL_Driver/Src/stm32h5xx_hal_gpio.c.obj
 .debug_rnglists